Archive member included to satisfy reference by file (symbol)

../Middlewares/Third_Party/ARM_CMSIS/CMSIS/DSP/Lib/GCC\libarm_cortexM4lf_math.a(arm_mat_trans_f32.o)
                              ./Core/Src/KalmanFilter.o (arm_mat_trans_f32)
../Middlewares/Third_Party/ARM_CMSIS/CMSIS/DSP/Lib/GCC\libarm_cortexM4lf_math.a(arm_mat_sub_f32.o)
                              ./Core/Src/KalmanFilter.o (arm_mat_sub_f32)
../Middlewares/Third_Party/ARM_CMSIS/CMSIS/DSP/Lib/GCC\libarm_cortexM4lf_math.a(arm_mat_mult_f32.o)
                              ./Core/Src/KalmanFilter.o (arm_mat_mult_f32)
../Middlewares/Third_Party/ARM_CMSIS/CMSIS/DSP/Lib/GCC\libarm_cortexM4lf_math.a(arm_mat_inverse_f32.o)
                              ./Core/Src/KalmanFilter.o (arm_mat_inverse_f32)
../Middlewares/Third_Party/ARM_CMSIS/CMSIS/DSP/Lib/GCC\libarm_cortexM4lf_math.a(arm_mat_init_f32.o)
                              ./Core/Src/KalmanFilterCAD.o (arm_mat_init_f32)
../Middlewares/Third_Party/ARM_CMSIS/CMSIS/DSP/Lib/GCC\libarm_cortexM4lf_math.a(arm_mat_add_f32.o)
                              ./Core/Src/KalmanFilter.o (arm_mat_add_f32)
C:/ST/STM32CubeIDE_1.19.0/STM32CubeIDE/plugins/com.st.stm32cube.ide.mcu.externaltools.gnu-tools-for-stm32.13.3.rel1.win32_1.0.0.202411081344/tools/bin/../lib/gcc/arm-none-eabi/13.3.1/../../../../arm-none-eabi/lib/thumb/v7e-m+fp/hard\libc_nano.a(libc_a-exit.o)
                              C:/ST/STM32CubeIDE_1.19.0/STM32CubeIDE/plugins/com.st.stm32cube.ide.mcu.externaltools.gnu-tools-for-stm32.13.3.rel1.win32_1.0.0.202411081344/tools/bin/../lib/gcc/arm-none-eabi/13.3.1/../../../../arm-none-eabi/lib/thumb/v7e-m+fp/hard/crt0.o (exit)
C:/ST/STM32CubeIDE_1.19.0/STM32CubeIDE/plugins/com.st.stm32cube.ide.mcu.externaltools.gnu-tools-for-stm32.13.3.rel1.win32_1.0.0.202411081344/tools/bin/../lib/gcc/arm-none-eabi/13.3.1/../../../../arm-none-eabi/lib/thumb/v7e-m+fp/hard\libc_nano.a(libc_a-findfp.o)
                              C:/ST/STM32CubeIDE_1.19.0/STM32CubeIDE/plugins/com.st.stm32cube.ide.mcu.externaltools.gnu-tools-for-stm32.13.3.rel1.win32_1.0.0.202411081344/tools/bin/../lib/gcc/arm-none-eabi/13.3.1/../../../../arm-none-eabi/lib/thumb/v7e-m+fp/hard\libc_nano.a(libc_a-exit.o) (__stdio_exit_handler)
C:/ST/STM32CubeIDE_1.19.0/STM32CubeIDE/plugins/com.st.stm32cube.ide.mcu.externaltools.gnu-tools-for-stm32.13.3.rel1.win32_1.0.0.202411081344/tools/bin/../lib/gcc/arm-none-eabi/13.3.1/../../../../arm-none-eabi/lib/thumb/v7e-m+fp/hard\libc_nano.a(libc_a-fwalk.o)
                              C:/ST/STM32CubeIDE_1.19.0/STM32CubeIDE/plugins/com.st.stm32cube.ide.mcu.externaltools.gnu-tools-for-stm32.13.3.rel1.win32_1.0.0.202411081344/tools/bin/../lib/gcc/arm-none-eabi/13.3.1/../../../../arm-none-eabi/lib/thumb/v7e-m+fp/hard\libc_nano.a(libc_a-findfp.o) (_fwalk_sglue)
C:/ST/STM32CubeIDE_1.19.0/STM32CubeIDE/plugins/com.st.stm32cube.ide.mcu.externaltools.gnu-tools-for-stm32.13.3.rel1.win32_1.0.0.202411081344/tools/bin/../lib/gcc/arm-none-eabi/13.3.1/../../../../arm-none-eabi/lib/thumb/v7e-m+fp/hard\libc_nano.a(libc_a-stdio.o)
                              C:/ST/STM32CubeIDE_1.19.0/STM32CubeIDE/plugins/com.st.stm32cube.ide.mcu.externaltools.gnu-tools-for-stm32.13.3.rel1.win32_1.0.0.202411081344/tools/bin/../lib/gcc/arm-none-eabi/13.3.1/../../../../arm-none-eabi/lib/thumb/v7e-m+fp/hard\libc_nano.a(libc_a-findfp.o) (__sread)
C:/ST/STM32CubeIDE_1.19.0/STM32CubeIDE/plugins/com.st.stm32cube.ide.mcu.externaltools.gnu-tools-for-stm32.13.3.rel1.win32_1.0.0.202411081344/tools/bin/../lib/gcc/arm-none-eabi/13.3.1/../../../../arm-none-eabi/lib/thumb/v7e-m+fp/hard\libc_nano.a(libc_a-memset.o)
                              C:/ST/STM32CubeIDE_1.19.0/STM32CubeIDE/plugins/com.st.stm32cube.ide.mcu.externaltools.gnu-tools-for-stm32.13.3.rel1.win32_1.0.0.202411081344/tools/bin/../lib/gcc/arm-none-eabi/13.3.1/../../../../arm-none-eabi/lib/thumb/v7e-m+fp/hard/crt0.o (memset)
C:/ST/STM32CubeIDE_1.19.0/STM32CubeIDE/plugins/com.st.stm32cube.ide.mcu.externaltools.gnu-tools-for-stm32.13.3.rel1.win32_1.0.0.202411081344/tools/bin/../lib/gcc/arm-none-eabi/13.3.1/../../../../arm-none-eabi/lib/thumb/v7e-m+fp/hard\libc_nano.a(libc_a-closer.o)
                              C:/ST/STM32CubeIDE_1.19.0/STM32CubeIDE/plugins/com.st.stm32cube.ide.mcu.externaltools.gnu-tools-for-stm32.13.3.rel1.win32_1.0.0.202411081344/tools/bin/../lib/gcc/arm-none-eabi/13.3.1/../../../../arm-none-eabi/lib/thumb/v7e-m+fp/hard\libc_nano.a(libc_a-stdio.o) (_close_r)
C:/ST/STM32CubeIDE_1.19.0/STM32CubeIDE/plugins/com.st.stm32cube.ide.mcu.externaltools.gnu-tools-for-stm32.13.3.rel1.win32_1.0.0.202411081344/tools/bin/../lib/gcc/arm-none-eabi/13.3.1/../../../../arm-none-eabi/lib/thumb/v7e-m+fp/hard\libc_nano.a(libc_a-reent.o)
[...]
Memory Configuration

Name             Origin             Length             Attributes
RAM              0x20000000         0x00020000         xrw
FLASH            0x08000000         0x00080000         xr
*default*        0x00000000         0xffffffff

Linker script and memory map

LOAD C:/ST/STM32CubeIDE_1.19.0/STM32CubeIDE/plugins/com.st.stm32cube.ide.mcu.externaltools.gnu-tools-for-stm32.13.3.rel1.win32_1.0.0.202411081344/tools/bin/../lib/gcc/arm-none-eabi/13.3.1/thumb/v7e-m+fp/hard/crti.o
LOAD C:/ST/STM32CubeIDE_1.19.0/STM32CubeIDE/plugins/com.st.stm32cube.ide.mcu.externaltools.gnu-tools-for-stm32.13.3.rel1.win32_1.0.0.202411081344/tools/bin/../lib/gcc/arm-none-eabi/13.3.1/thumb/v7e-m+fp/hard/crtbegin.o
LOAD C:/ST/STM32CubeIDE_1.19.0/STM32CubeIDE/plugins/com.st.stm32cube.ide.mcu.externaltools.gnu-tools-for-stm32.13.3.rel1.win32_1.0.0.202411081344/tools/bin/../lib/gcc/arm-none-eabi/13.3.1/../../../../arm-none-eabi/lib/thumb/v7e-m+fp/hard/crt0.o
LOAD ./Core/Src/KalmanFilter.o
LOAD ./Core/Src/KalmanFilterCAD.o
LOAD ./Core/Src/KalmanFilterCD.o
LOAD ./Core/Src/KalmanFilterCVD.o
LOAD ./Core/Src/KalmanFilterMSD.o
LOAD ./Core/Src/SerialFrame.o
LOAD ./Core/Src/Ultrasonic.o
LOAD ./Core/Src/dma.o
LOAD ./Core/Src/gpio.o
LOAD ./Core/Src/main.o
LOAD ./Core/Src/stm32g4xx_hal_msp.o
LOAD ./Core/Src/stm32g4xx_it.o
LOAD ./Core/Src/syscalls.o
LOAD ./Core/Src/sysmem.o
LOAD ./Core/Src/system_stm32g4xx.o
LOAD ./Core/Src/tim.o
LOAD ./Core/Src/usart.o
LOAD ./Core/Startup/startup_stm32g474retx.o
LOAD ./Drivers/STM32G4xx_HAL_Driver/Src/stm32g4xx_hal.o
LOAD ./Drivers/STM32G4xx_HAL_Driver/Src/stm32g4xx_hal_cortex.o
LOAD ./Drivers/STM32G4xx_HAL_Driver/Src/stm32g4xx_hal_dma.o
LOAD ./Drivers/STM32G4xx_HAL_Driver/Src/stm32g4xx_hal_dma_ex.o
LOAD ./Drivers/STM32G4xx_HAL_Driver/Src/stm32g4xx_hal_exti.o
LOAD ./Drivers/STM32G4xx_HAL_Driver/Src/stm32g4xx_hal_flash.o
LOAD ./Drivers/STM32G4xx_HAL_Driver/Src/stm32g4xx_hal_flash_ex.o
LOAD ./Drivers/STM32G4xx_HAL_Driver/Src/stm32g4xx_hal_flash_ramfunc.o
LOAD ./Drivers/STM32G4xx_HAL_Driver/Src/stm32g4xx_hal_gpio.o
LOAD ./Drivers/STM32G4xx_HAL_Driver/Src/stm32g4xx_hal_pwr.o
LOAD ./Drivers/STM32G4xx_HAL_Driver/Src/stm32g4xx_hal_pwr_ex.o
LOAD ./Drivers/STM32G4xx_HAL_Driver/Src/stm32g4xx_hal_rcc.o
LOAD ./Drivers/STM32G4xx_HAL_Driver/Src/stm32g4xx_hal_rcc_ex.o
LOAD ./Drivers/STM32G4xx_HAL_Driver/Src/stm32g4xx_hal_tim.o
LOAD ./Drivers/STM32G4xx_HAL_Driver/Src/stm32g4xx_hal_tim_ex.o
LOAD ./Drivers/STM32G4xx_HAL_Driver/Src/stm32g4xx_hal_uart.o
LOAD ./Drivers/STM32G4xx_HAL_Driver/Src/stm32g4xx_hal_uart_ex.o
LOAD ../Middlewares/Third_Party/ARM_CMSIS/CMSIS/DSP/Lib/GCC\libarm_cortexM4lf_math.a
START GROUP
LOAD C:/ST/STM32CubeIDE_1.19.0/STM32CubeIDE/plugins/com.st.stm32cube.ide.mcu.externaltools.gnu-tools-for-stm32.13.3.rel1.win32_1.0.0.202411081344/tools/bin/../lib/gcc/arm-none-eabi/13.3.1/../../../../arm-none-eabi/lib/thumb/v7e-m+fp/hard\libc_nano.a
LOAD C:/ST/STM32CubeIDE_1.19.0/STM32CubeIDE/plugins/com.st.stm32cube.ide.mcu.externaltools.gnu-tools-for-stm32.13.3.rel1.win32_1.0.0.202411081344/tools/bin/../lib/gcc/arm-none-eabi/13.3.1/../../../../arm-none-eabi/lib/thumb/v7e-m+fp/hard\libm.a
END GROUP
START GROUP
LOAD C:/ST/STM32CubeIDE_1.19.0/STM32CubeIDE/plugins/com.st.stm32cube.ide.mcu.externaltools.gnu-tools-for-stm32.13.3.rel1.win32_1.0.0.202411081344/tools/bin/../lib/gcc/arm-none-eabi/13.3.1/thumb/v7e-m+fp/hard\libgcc.a
LOAD C:/ST/STM32CubeIDE_1.19.0/STM32CubeIDE/plugins/com.st.stm32cube.ide.mcu.externaltools.gnu-tools-for-stm32.13.3.rel1.win32_1.0.0.202411081344/tools/bin/../lib/gcc/arm-none-eabi/13.3.1/../../../../arm-none-eabi/lib/thumb/v7e-m+fp/hard\libc_nano.a
END GROUP
START GROUP
LOAD C:/ST/STM32CubeIDE_1.19.0/STM32CubeIDE/plugins/com.st.stm32cube.ide.mcu.externaltools.gnu-tools-for-stm32.13.3.rel1.win32_1.0.0.202411081344/tools/bin/../lib/gcc/arm-none-eabi/13.3.1/thumb/v7e-m+fp/hard\libgcc.a
LOAD C:/ST/STM32CubeIDE_1.19.0/STM32CubeIDE/plugins/com.st.stm32cube.ide.mcu.externaltools.gnu-tools-for-stm32.13.3.rel1.win32_1.0.0.202411081344/tools/bin/../lib/gcc/arm-none-eabi/13.3.1/../../../../arm-none-eabi/lib/thumb/v7e-m+fp/hard\libc_nano.a
LOAD C:/ST/STM32CubeIDE_1.19.0/STM32CubeIDE/plugins/com.st.stm32cube.ide.mcu.externaltools.gnu-tools-for-stm32.13.3.rel1.win32_1.0.0.202411081344/tools/bin/../lib/gcc/arm-none-eabi/13.3.1/../../../../arm-none-eabi/lib/thumb/v7e-m+fp/hard\libnosys.a
END GROUP
START GROUP
LOAD C:/ST/STM32CubeIDE_1.19.0/STM32CubeIDE/plugins/com.st.stm32cube.ide.mcu.externaltools.gnu-tools-for-stm32.13.3.rel1.win32_1.0.0.202411081344/tools/bin/../lib/gcc/arm-none-eabi/13.3.1/thumb/v7e-m+fp/hard\libgcc.a
LOAD C:/ST/STM32CubeIDE_1.19.0/STM32CubeIDE/plugins/com.st.stm32cube.ide.mcu.externaltools.gnu-tools-for-stm32.13.3.rel1.win32_1.0.0.202411081344/tools/bin/../lib/gcc/arm-none-eabi/13.3.1/../../../../arm-none-eabi/lib/thumb/v7e-m+fp/hard\libc_nano.a
LOAD C:/ST/STM32CubeIDE_1.19.0/STM32CubeIDE/plugins/com.st.stm32cube.ide.mcu.externaltools.gnu-tools-for-stm32.13.3.rel1.win32_1.0.0.202411081344/tools/bin/../lib/gcc/arm-none-eabi/13.3.1/../../../../arm-none-eabi/lib/thumb/v7e-m+fp/hard\libnosys.a
END GROUP
LOAD C:/ST/STM32CubeIDE_1.19.0/STM32CubeIDE/plugins/com.st.stm32cube.ide.mcu.externaltools.gnu-tools-for-stm32.13.3.rel1.win32_1.0.0.202411081344/tools/bin/../lib/gcc/arm-none-eabi/13.3.1/thumb/v7e-m+fp/hard/crtend.o
LOAD C:/ST/STM32CubeIDE_1.19.0/STM32CubeIDE/plugins/com.st.stm32cube.ide.mcu.externaltools.gnu-tools-for-stm32.13.3.rel1.win32_1.0.0.202411081344/tools/bin/../lib/gcc/arm-none-eabi/13.3.1/thumb/v7e-m+fp/hard/crtn.o
                0x20020000                        _estack = (ORIGIN (RAM) + LENGTH (RAM))
                0x00000200                        _Min_Heap_Size = 0x200
                0x00000400                        _Min_Stack_Size = 0x400

.isr_vector     0x08000000      0x1d8
                0x08000000                        . = ALIGN (0x4)
 *(.isr_vector)
 .isr_vector    0x08000000      0x1d8 ./Core/Startup/startup_stm32g474retx.o
                0x08000000                g_pfnVectors
                0x080001d8                        . = ALIGN (0x4)

.text           0x080001d8     0x8450
                0x080001d8                        . = ALIGN (0x4)
 *(.text)
 .text          0x080001d8       0x40 C:/ST/STM32CubeIDE_1.19.0/STM32CubeIDE/plugins/com.st.stm32cube.ide.mcu.externaltools.gnu-tools-for-stm32.13.3.rel1.win32_1.0.0.202411081344/tools/bin/../lib/gcc/arm-none-eabi/13.3.1/thumb/v7e-m+fp/hard/crtbegin.o
 .text          0x08000218       0x30 C:/ST/STM32CubeIDE_1.19.0/STM32CubeIDE/plugins/com.st.stm32cube.ide.mcu.externaltools.gnu-tools-for-stm32.13.3.rel1.win32_1.0.0.202411081344/tools/bin/../lib/gcc/arm-none-eabi/13.3.1/thumb/v7e-m+fp/hard\libgcc.a(_aeabi_uldivmod.o)
                0x08000218                __aeabi_uldivmod
 .text          0x08000248      0x2f8 C:/ST/STM32CubeIDE_1.19.0/STM32CubeIDE/plugins/com.st.stm32cube.ide.mcu.externaltools.gnu-tools-for-stm32.13.3.rel1.win32_1.0.0.202411081344/tools/bin/../lib/gcc/arm-none-eabi/13.3.1/thumb/v7e-m+fp/hard\libgcc.a(_udivmoddi4.o)
                0x08000248                __udivmoddi4
 .text          0x08000540        0x4 C:/ST/STM32CubeIDE_1.19.0/STM32CubeIDE/plugins/com.st.stm32cube.ide.mcu.externaltools.gnu-tools-for-stm32.13.3.rel1.win32_1.0.0.202411081344/tools/bin/../lib/gcc/arm-none-eabi/13.3.1/thumb/v7e-m+fp/hard\libgcc.a(_dvmd_tls.o)
                0x08000540                __aeabi_idiv0
                0x08000540                __aeabi_ldiv0
 *(.text*)
 .text.KalmanFilter_Init
                0x08000544       0x28 ./Core/Src/KalmanFilter.o
                0x08000544                KalmanFilter_Init
 .text.KalmanFilter_Update
                0x0800056c      0x6c4 ./Core/Src/KalmanFilter.o
                0x0800056c                KalmanFilter_Update
 .text._build_F
                0x08000c30       0x86 ./Core/Src/KalmanFilterCAD.o
 .text._build_Q
                0x08000cb6      0x110 ./Core/Src/KalmanFilterCAD.o
 .text._rewire_cmsis
                0x08000dc6       0x34 ./Core/Src/KalmanFilterCAD.o
 .text.KalmanFilterCAD_Init
                0x08000dfa       0x8c ./Core/Src/KalmanFilterCAD.o
                0x08000dfa                KalmanFilterCAD_Init
 .text.KalmanFilterCAD_Set_ObserverPeriod
                0x08000e86       0x38 ./Core/Src/KalmanFilterCAD.o
                0x08000e86                KalmanFilterCAD_Set_ObserverPeriod
 .text.KalmanFilterCAD_Set_ProcessNoise
                0x08000ebe       0x3e ./Core/Src/KalmanFilterCAD.o
                0x08000ebe                KalmanFilterCAD_Set_ProcessNoise
 .text.KalmanFilterCAD_Set_MeasurementNoise
                0x08000efc       0x38 ./Core/Src/KalmanFilterCAD.o
                0x08000efc                KalmanFilterCAD_Set_MeasurementNoise
 .text.KalmanFilterCAD_Set_Covariance
                0x08000f34       0x38 ./Core/Src/KalmanFilterCAD.o
                0x08000f34                KalmanFilterCAD_Set_Covariance
 .text.KalmanFilterCAD_Start
                0x08000f6c       0xfa ./Core/Src/KalmanFilterCAD.o
                0x08000f6c                KalmanFilterCAD_Start
 .text.KalmanFilterCAD_Update
                0x08001066       0x20 ./Core/Src/KalmanFilterCAD.o
                0x08001066                KalmanFilterCAD_Update
 .text.KalmanFilterCAD_Get_Position
                0x08001086       0x20 ./Core/Src/KalmanFilterCAD.o
                0x08001086                KalmanFilterCAD_Get_Position
 .text.KalmanFilterCD_Init
                0x080010a6       0x7e ./Core/Src/KalmanFilterCD.o
                0x080010a6                KalmanFilterCD_Init
 .text.KalmanFilterCD_Set_ProcessNoise
                0x08001124       0x26 ./Core/Src/KalmanFilterCD.o
                0x08001124                KalmanFilterCD_Set_ProcessNoise
 .text.KalmanFilterCD_Set_MeasurementNoise
                0x0800114a       0x26 ./Core/Src/KalmanFilterCD.o
                0x0800114a                KalmanFilterCD_Set_MeasurementNoise
 .text.KalmanFilterCD_Set_Covariance
                0x08001170       0x20 ./Core/Src/KalmanFilterCD.o
                0x08001170                KalmanFilterCD_Set_Covariance
 .text.KalmanFilterCD_Start
                0x08001190       0x8e ./Core/Src/KalmanFilterCD.o
                0x08001190                KalmanFilterCD_Start
 .text.KalmanFilterCD_Update
                0x0800121e       0x20 ./Core/Src/KalmanFilterCD.o
                0x0800121e                KalmanFilterCD_Update
 .text.KalmanFilterCD_Get_State
                0x0800123e       0x20 ./Core/Src/KalmanFilterCD.o
                0x0800123e                KalmanFilterCD_Get_State
 .text._build_F
                0x0800125e       0x3a ./Core/Src/KalmanFilterCVD.o
 .text._build_Q
                0x08001298       0xb0 ./Core/Src/KalmanFilterCVD.o
 .text._rewire_cmsis
                0x08001348       0x34 ./Core/Src/KalmanFilterCVD.o
 .text.KalmanFilterCVD_Init
                0x0800137c       0x82 ./Core/Src/KalmanFilterCVD.o
                0x0800137c                KalmanFilterCVD_Init
 .text.KalmanFilterCVD_Set_ObserverPeriod
                0x080013fe       0x38 ./Core/Src/KalmanFilterCVD.o
                0x080013fe                KalmanFilterCVD_Set_ObserverPeriod
 .text.KalmanFilterCVD_Set_ProcessNoise
                0x08001436       0x3e ./Core/Src/KalmanFilterCVD.o
                0x08001436                KalmanFilterCVD_Set_ProcessNoise
 .text.KalmanFilterCVD_Set_MeasurementNoise
                0x08001474       0x38 ./Core/Src/KalmanFilterCVD.o
                0x08001474                KalmanFilterCVD_Set_MeasurementNoise
 .text.KalmanFilterCVD_Set_Covariance
                0x080014ac       0x2c ./Core/Src/KalmanFilterCVD.o
                0x080014ac                KalmanFilterCVD_Set_Covariance
 .text.KalmanFilterCVD_Start
                0x080014d8       0xc2 ./Core/Src/KalmanFilterCVD.o
                0x080014d8                KalmanFilterCVD_Start
 .text.KalmanFilterCVD_Update
                0x0800159a       0x20 ./Core/Src/KalmanFilterCVD.o
                0x0800159a                KalmanFilterCVD_Update
 .text.KalmanFilterCVD_Get_Position
                0x080015ba       0x20 ./Core/Src/KalmanFilterCVD.o
                0x080015ba                KalmanFilterCVD_Get_Position
 .text._build_F
                0x080015da       0x82 ./Core/Src/KalmanFilterMSD.o
 .text.KalmanFilterMSD_Init
                0x0800165c       0xa6 ./Core/Src/KalmanFilterMSD.o
                0x0800165c                KalmanFilterMSD_Init
 .text.KalmanFilterMSD_Set_ObserverPeriod
                0x08001702       0x3e ./Core/Src/KalmanFilterMSD.o
                0x08001702                KalmanFilterMSD_Set_ObserverPeriod
 .text.KalmanFilterMSD_Set_ProcessNoise
                0x08001740       0x54 ./Core/Src/KalmanFilterMSD.o
                0x08001740                KalmanFilterMSD_Set_ProcessNoise
 .text.KalmanFilterMSD_Set_MeasurementNoise
                0x08001794       0x38 ./Core/Src/KalmanFilterMSD.o
                0x08001794                KalmanFilterMSD_Set_MeasurementNoise
 .text.KalmanFilterMSD_Set_Covariance
                0x080017cc       0x2c ./Core/Src/KalmanFilterMSD.o
                0x080017cc                KalmanFilterMSD_Set_Covariance
 .text.KalmanFilterMSD_Start
                0x080017f8       0xc2 ./Core/Src/KalmanFilterMSD.o
                0x080017f8                KalmanFilterMSD_Start
 .text.KalmanFilterMSD_Update
                0x080018ba       0x20 ./Core/Src/KalmanFilterMSD.o
                0x080018ba                KalmanFilterMSD_Update
 .text.KalmanFilterMSD_Get_Position
                0x080018da       0x20 ./Core/Src/KalmanFilterMSD.o
                0x080018da                KalmanFilterMSD_Get_Position
 .text.KalmanFilterMSD_Get_Velocity
                0x080018fa       0x20 ./Core/Src/KalmanFilterMSD.o
                0x080018fa                KalmanFilterMSD_Get_Velocity
 .text.SerialFrame_Init
                0x0800191a       0x70 ./Core/Src/SerialFrame.o
                0x0800191a                SerialFrame_Init
 *fill*         0x0800198a        0x2 
 .text.SerialFrame_Add_TX
                0x0800198c       0xa8 ./Core/Src/SerialFrame.o
                0x0800198c                SerialFrame_Add_TX
 .text.SerialFrame_Add_RX
                0x08001a34       0xa8 ./Core/Src/SerialFrame.o
                0x08001a34                SerialFrame_Add_RX
 .text.SerialFrame_Transmit
                0x08001adc       0x86 ./Core/Src/SerialFrame.o
                0x08001adc                SerialFrame_Transmit
 .text.SerialFrame_Receive
                0x08001b62       0x9c ./Core/Src/SerialFrame.o
                0x08001b62                SerialFrame_Receive
 *fill*         0x08001bfe        0x2 
 .text._pulse_to_mm
                0x08001c00       0x38 ./Core/Src/Ultrasonic.o
 .text.Ultrasonic_Init
                0x08001c38       0x66 ./Core/Src/Ultrasonic.o
                0x08001c38                Ultrasonic_Init
 .text.Ultrasonic_Trigger
                0x08001c9e       0x4c ./Core/Src/Ultrasonic.o
                0x08001c9e                Ultrasonic_Trigger
 .text.Ultrasonic_TimerElapsed_Handler
                0x08001cea       0x22 ./Core/Src/Ultrasonic.o
                0x08001cea                Ultrasonic_TimerElapsed_Handler
 .text.Ultrasonic_IC_Capture_Handler
                0x08001d0c       0x90 ./Core/Src/Ultrasonic.o
                0x08001d0c                Ultrasonic_IC_Capture_Handler
 .text.MX_DMA_Init
                0x08001d9c       0x64 ./Core/Src/dma.o
                0x08001d9c                MX_DMA_Init
 .text.MX_GPIO_Init
                0x08001e00      0x104 ./Core/Src/gpio.o
                0x08001e00                MX_GPIO_Init
 .text.main     0x08001f04       0x2c ./Core/Src/main.o
                0x08001f04                main
 .text.SystemClock_Config
                0x08001f30       0x96 ./Core/Src/main.o
                0x08001f30                SystemClock_Config
 *fill*         0x08001fc6        0x2 
 .text.Init     0x08001fc8      0x57c ./Core/Src/main.o
 .text.Update   0x08002544      0x328 ./Core/Src/main.o
 .text.HAL_TIM_PeriodElapsedCallback
                0x0800286c       0x2c ./Core/Src/main.o
                0x0800286c                HAL_TIM_PeriodElapsedCallback
 .text.HAL_UART_RxCpltCallback
                0x08002898       0x1c ./Core/Src/main.o
                0x08002898                HAL_UART_RxCpltCallback
 .text.HAL_TIM_IC_CaptureCallback
                0x080028b4       0x1c ./Core/Src/main.o
                0x080028b4                HAL_TIM_IC_CaptureCallback
 .text.Error_Handler
                0x080028d0        0xc ./Core/Src/main.o
                0x080028d0                Error_Handler
 .text.HAL_MspInit
                0x080028dc       0x48 ./Core/Src/stm32g4xx_hal_msp.o
                0x080028dc                HAL_MspInit
 .text.NMI_Handler
                0x08002924        0x8 ./Core/Src/stm32g4xx_it.o
                0x08002924                NMI_Handler
 .text.HardFault_Handler
                0x0800292c        0x8 ./Core/Src/stm32g4xx_it.o
                0x0800292c                HardFault_Handler
 .text.MemManage_Handler
                0x08002934        0x8 ./Core/Src/stm32g4xx_it.o
                0x08002934                MemManage_Handler
 .text.BusFault_Handler
                0x0800293c        0x8 ./Core/Src/stm32g4xx_it.o
                0x0800293c                BusFault_Handler
 .text.UsageFault_Handler
                0x08002944        0x8 ./Core/Src/stm32g4xx_it.o
                0x08002944                UsageFault_Handler
 .text.SVC_Handler
                0x0800294c        0xe ./Core/Src/stm32g4xx_it.o
                0x0800294c                SVC_Handler
 .text.DebugMon_Handler
                0x0800295a        0xe ./Core/Src/stm32g4xx_it.o
                0x0800295a                DebugMon_Handler
 .text.PendSV_Handler
                0x08002968        0xe ./Core/Src/stm32g4xx_it.o
                0x08002968                PendSV_Handler
 .text.SysTick_Handler
                0x08002976        0xc ./Core/Src/stm32g4xx_it.o
                0x08002976                SysTick_Handler
 *fill*         0x08002982        0x2 
 .text.DMA1_Channel1_IRQHandler
                0x08002984       0x14 ./Core/Src/stm32g4xx_it.o
                0x08002984                DMA1_Channel1_IRQHandler
 .text.DMA1_Channel2_IRQHandler
                0x08002998       0x14 ./Core/Src/stm32g4xx_it.o
                0x08002998                DMA1_Channel2_IRQHandler
 .text.TIM1_CC_IRQHandler
                0x080029ac       0x14 ./Core/Src/stm32g4xx_it.o
                0x080029ac                TIM1_CC_IRQHandler
 .text.TIM3_IRQHandler
                0x080029c0       0x14 ./Core/Src/stm32g4xx_it.o
                0x080029c0                TIM3_IRQHandler
 .text.EXTI15_10_IRQHandler
                0x080029d4       0x10 ./Core/Src/stm32g4xx_it.o
                0x080029d4                EXTI15_10_IRQHandler
 .text.TIM6_DAC_IRQHandler
                0x080029e4       0x14 ./Core/Src/stm32g4xx_it.o
                0x080029e4                TIM6_DAC_IRQHandler
 .text.LPUART1_IRQHandler
                0x080029f8       0x14 ./Core/Src/stm32g4xx_it.o
                0x080029f8                LPUART1_IRQHandler
 .text.SystemInit
                0x08002a0c       0x24 ./Core/Src/system_stm32g4xx.o
                0x08002a0c                SystemInit
 .text.MX_TIM1_Init
                0x08002a30      0x10c ./Core/Src/tim.o
                0x08002a30                MX_TIM1_Init
 .text.MX_TIM3_Init
                0x08002b3c       0x9c ./Core/Src/tim.o
                0x08002b3c                MX_TIM3_Init
 .text.MX_TIM6_Init
                0x08002bd8       0x6c ./Core/Src/tim.o
                0x08002bd8                MX_TIM6_Init
 .text.HAL_TIM_Base_MspInit
                0x08002c44      0x108 ./Core/Src/tim.o
                0x08002c44                HAL_TIM_Base_MspInit
 .text.MX_LPUART1_UART_Init
                0x08002d4c       0x94 ./Core/Src/usart.o
                0x08002d4c                MX_LPUART1_UART_Init
 .text.HAL_UART_MspInit
                0x08002de0      0x178 ./Core/Src/usart.o
                0x08002de0                HAL_UART_MspInit
 .text.Reset_Handler
                0x08002f58       0x50 ./Core/Startup/startup_stm32g474retx.o
                0x08002f58                Reset_Handler
 .text.Default_Handler
                0x08002fa8        0x2 ./Core/Startup/startup_stm32g474retx.o
                0x08002fa8                RTC_Alarm_IRQHandler
                0x08002fa8                EXTI2_IRQHandler
                0x08002fa8                TIM8_TRG_COM_IRQHandler
                0x08002fa8                TIM8_CC_IRQHandler
                0x08002fa8                HRTIM1_Master_IRQHandler
                0x08002fa8                SPI4_IRQHandler
                0x08002fa8                FDCAN3_IT0_IRQHandler
                0x08002fa8                HRTIM1_FLT_IRQHandler
                0x08002fa8                HRTIM1_TIMF_IRQHandler
                0x08002fa8                USB_HP_IRQHandler
                0x08002fa8                CORDIC_IRQHandler
                0x08002fa8                HRTIM1_TIMD_IRQHandler
                0x08002fa8                DMA2_Channel8_IRQHandler
                0x08002fa8                EXTI3_IRQHandler
                0x08002fa8                I2C3_ER_IRQHandler
                0x08002fa8                EXTI0_IRQHandler
                0x08002fa8                I2C2_EV_IRQHandler
                0x08002fa8                FPU_IRQHandler
                0x08002fa8                FDCAN1_IT1_IRQHandler
                0x08002fa8                TIM1_UP_TIM16_IRQHandler
                0x08002fa8                ADC1_2_IRQHandler
                0x08002fa8                HRTIM1_TIME_IRQHandler
                0x08002fa8                SPI1_IRQHandler
                0x08002fa8                HRTIM1_TIMC_IRQHandler
                0x08002fa8                TIM8_UP_IRQHandler
                0x08002fa8                DMA2_Channel2_IRQHandler
                0x08002fa8                DMA1_Channel4_IRQHandler
                0x08002fa8                TIM20_TRG_COM_IRQHandler
                0x08002fa8                USART3_IRQHandler
                0x08002fa8                DMA1_Channel7_IRQHandler
                0x08002fa8                UART5_IRQHandler
                0x08002fa8                ADC3_IRQHandler
                0x08002fa8                TIM4_IRQHandler
                0x08002fa8                DMA2_Channel1_IRQHandler
                0x08002fa8                QUADSPI_IRQHandler
                0x08002fa8                I2C1_EV_IRQHandler
                0x08002fa8                DMA1_Channel6_IRQHandler
                0x08002fa8                UART4_IRQHandler
                0x08002fa8                DMA2_Channel4_IRQHandler
                0x08002fa8                RCC_IRQHandler
                0x08002fa8                TIM20_UP_IRQHandler
                0x08002fa8                Default_Handler
                0x08002fa8                DMA2_Channel7_IRQHandler
                0x08002fa8                RTC_TAMP_LSECSS_IRQHandler
                0x08002fa8                FMAC_IRQHandler
                0x08002fa8                DMA1_Channel8_IRQHandler
                0x08002fa8                HRTIM1_TIMA_IRQHandler
                0x08002fa8                TIM7_DAC_IRQHandler
                0x08002fa8                FDCAN3_IT1_IRQHandler
                0x08002fa8                TIM5_IRQHandler
                0x08002fa8                UCPD1_IRQHandler
                0x08002fa8                I2C3_EV_IRQHandler
                0x08002fa8                EXTI9_5_IRQHandler
                0x08002fa8                RTC_WKUP_IRQHandler
                0x08002fa8                PVD_PVM_IRQHandler
                0x08002fa8                SPI2_IRQHandler
                0x08002fa8                ADC5_IRQHandler
                0x08002fa8                DMA2_Channel5_IRQHandler
                0x08002fa8                CRS_IRQHandler
                0x08002fa8                DMA1_Channel5_IRQHandler
                0x08002fa8                USB_LP_IRQHandler
                0x08002fa8                EXTI4_IRQHandler
                0x08002fa8                RNG_IRQHandler
                0x08002fa8                HRTIM1_TIMB_IRQHandler
                0x08002fa8                TIM1_TRG_COM_TIM17_IRQHandler
                0x08002fa8                FDCAN2_IT1_IRQHandler
                0x08002fa8                DMA1_Channel3_IRQHandler
                0x08002fa8                ADC4_IRQHandler
                0x08002fa8                WWDG_IRQHandler
                0x08002fa8                I2C4_EV_IRQHandler
                0x08002fa8                FDCAN2_IT0_IRQHandler
                0x08002fa8                DMA2_Channel6_IRQHandler
                0x08002fa8                FDCAN1_IT0_IRQHandler
                0x08002fa8                TIM2_IRQHandler
                0x08002fa8                COMP7_IRQHandler
                0x08002fa8                COMP1_2_3_IRQHandler
                0x08002fa8                EXTI1_IRQHandler
                0x08002fa8                USART2_IRQHandler
                0x08002fa8                COMP4_5_6_IRQHandler
                0x08002fa8                TIM20_BRK_IRQHandler
                0x08002fa8                I2C2_ER_IRQHandler
                0x08002fa8                TIM8_BRK_IRQHandler
                0x08002fa8                FLASH_IRQHandler
                0x08002fa8                TIM20_CC_IRQHandler
                0x08002fa8                USART1_IRQHandler
                0x08002fa8                SPI3_IRQHandler
                0x08002fa8                I2C1_ER_IRQHandler
                0x08002fa8                FMC_IRQHandler
                0x08002fa8                LPTIM1_IRQHandler
                0x08002fa8                DMAMUX_OVR_IRQHandler
                0x08002fa8                I2C4_ER_IRQHandler
                0x08002fa8                USBWakeUp_IRQHandler
                0x08002fa8                SAI1_IRQHandler
                0x08002fa8                DMA2_Channel3_IRQHandler
                0x08002fa8                TIM1_BRK_TIM15_IRQHandler
 .text.HAL_Init
                0x08002faa       0x30 ./Drivers/STM32G4xx_HAL_Driver/Src/stm32g4xx_hal.o
                0x08002faa                HAL_Init
 *fill*         0x08002fda        0x2 
 .text.HAL_InitTick
                0x08002fdc       0x74 ./Drivers/STM32G4xx_HAL_Driver/Src/stm32g4xx_hal.o
                0x08002fdc                HAL_InitTick
 .text.HAL_IncTick
                0x08003050       0x24 ./Drivers/STM32G4xx_HAL_Driver/Src/stm32g4xx_hal.o
                0x08003050                HAL_IncTick
 .text.HAL_GetTick
                0x08003074       0x18 ./Drivers/STM32G4xx_HAL_Driver/Src/stm32g4xx_hal.o
                0x08003074                HAL_GetTick
 .text.__NVIC_SetPriorityGrouping
                0x0800308c       0x48 ./Drivers/STM32G4xx_HAL_Driver/Src/stm32g4xx_hal_cortex.o
 .text.__NVIC_GetPriorityGrouping
                0x080030d4       0x1c ./Drivers/STM32G4xx_HAL_Driver/Src/stm32g4xx_hal_cortex.o
 .text.__NVIC_EnableIRQ
                0x080030f0       0x3c ./Drivers/STM32G4xx_HAL_Driver/Src/stm32g4xx_hal_cortex.o
 .text.__NVIC_SetPriority
                0x0800312c       0x54 ./Drivers/STM32G4xx_HAL_Driver/Src/stm32g4xx_hal_cortex.o
 .text.NVIC_EncodePriority
                0x08003180       0x66 ./Drivers/STM32G4xx_HAL_Driver/Src/stm32g4xx_hal_cortex.o
 *fill*         0x080031e6        0x2 
 .text.SysTick_Config
                0x080031e8       0x44 ./Drivers/STM32G4xx_HAL_Driver/Src/stm32g4xx_hal_cortex.o
 .text.HAL_NVIC_SetPriorityGrouping
                0x0800322c       0x16 ./Drivers/STM32G4xx_HAL_Driver/Src/stm32g4xx_hal_cortex.o
                0x0800322c                HAL_NVIC_SetPriorityGrouping
 .text.HAL_NVIC_SetPriority
                0x08003242       0x34 ./Drivers/STM32G4xx_HAL_Driver/Src/stm32g4xx_hal_cortex.o
                0x08003242                HAL_NVIC_SetPriority
 .text.HAL_NVIC_EnableIRQ
                0x08003276       0x1c ./Drivers/STM32G4xx_HAL_Driver/Src/stm32g4xx_hal_cortex.o
                0x08003276                HAL_NVIC_EnableIRQ
 .text.HAL_SYSTICK_Config
                0x08003292       0x18 ./Drivers/STM32G4xx_HAL_Driver/Src/stm32g4xx_hal_cortex.o
                0x08003292                HAL_SYSTICK_Config
 *fill*         0x080032aa        0x2 
 .text.HAL_DMA_Init
                0x080032ac      0x150 ./Drivers/STM32G4xx_HAL_Driver/Src/stm32g4xx_hal_dma.o
                0x080032ac                HAL_DMA_Init
 .text.HAL_DMA_Start_IT
                0x080033fc       0xf6 ./Drivers/STM32G4xx_HAL_Driver/Src/stm32g4xx_hal_dma.o
                0x080033fc                HAL_DMA_Start_IT
 .text.HAL_DMA_Abort
                0x080034f2       0xbc ./Drivers/STM32G4xx_HAL_Driver/Src/stm32g4xx_hal_dma.o
                0x080034f2                HAL_DMA_Abort
 .text.HAL_DMA_Abort_IT
                0x080035ae       0xce ./Drivers/STM32G4xx_HAL_Driver/Src/stm32g4xx_hal_dma.o
                0x080035ae                HAL_DMA_Abort_IT
 .text.HAL_DMA_IRQHandler
                0x0800367c      0x15e ./Drivers/STM32G4xx_HAL_Driver/Src/stm32g4xx_hal_dma.o
                0x0800367c                HAL_DMA_IRQHandler
 .text.DMA_SetConfig
                0x080037da       0x7c ./Drivers/STM32G4xx_HAL_Driver/Src/stm32g4xx_hal_dma.o
 *fill*         0x08003856        0x2 
 .text.DMA_CalcDMAMUXChannelBaseAndMask
                0x08003858       0x90 ./Drivers/STM32G4xx_HAL_Driver/Src/stm32g4xx_hal_dma.o
 .text.DMA_CalcDMAMUXRequestGenBaseAndMask
                0x080038e8       0x4c ./Drivers/STM32G4xx_HAL_Driver/Src/stm32g4xx_hal_dma.o
 .text.HAL_GPIO_Init
                0x08003934      0x318 ./Drivers/STM32G4xx_HAL_Driver/Src/stm32g4xx_hal_gpio.o
                0x08003934                HAL_GPIO_Init
 .text.HAL_GPIO_WritePin
                0x08003c4c       0x30 ./Drivers/STM32G4xx_HAL_Driver/Src/stm32g4xx_hal_gpio.o
                0x08003c4c                HAL_GPIO_WritePin
 .text.HAL_GPIO_EXTI_IRQHandler
                0x08003c7c       0x30 ./Drivers/STM32G4xx_HAL_Driver/Src/stm32g4xx_hal_gpio.o
                0x08003c7c                HAL_GPIO_EXTI_IRQHandler
 .text.HAL_GPIO_EXTI_Callback
                0x08003cac       0x16 ./Drivers/STM32G4xx_HAL_Driver/Src/stm32g4xx_hal_gpio.o
                0x08003cac                HAL_GPIO_EXTI_Callback
 *fill*         0x08003cc2        0x2 
 .text.HAL_PWREx_ControlVoltageScaling
                0x08003cc4      0x148 ./Drivers/STM32G4xx_HAL_Driver/Src/stm32g4xx_hal_pwr_ex.o
                0x08003cc4                HAL_PWREx_ControlVoltageScaling
 .text.HAL_PWREx_DisableUCPDDeadBattery
                0x08003e0c       0x20 ./Drivers/STM32G4xx_HAL_Driver/Src/stm32g4xx_hal_pwr_ex.o
                0x08003e0c                HAL_PWREx_DisableUCPDDeadBattery
 .text.HAL_RCC_OscConfig
                0x08003e2c      0x624 ./Drivers/STM32G4xx_HAL_Driver/Src/stm32g4xx_hal_rcc.o
                0x08003e2c                HAL_RCC_OscConfig
 .text.HAL_RCC_ClockConfig
                0x08004450      0x278 ./Drivers/STM32G4xx_HAL_Driver/Src/stm32g4xx_hal_rcc.o
                0x08004450                HAL_RCC_ClockConfig
 .text.HAL_RCC_GetSysClockFreq
                0x080046c8       0xc4 ./Drivers/STM32G4xx_HAL_Driver/Src/stm32g4xx_hal_rcc.o
                0x080046c8                HAL_RCC_GetSysClockFreq
 .text.HAL_RCC_GetHCLKFreq
                0x0800478c       0x18 ./Drivers/STM32G4xx_HAL_Driver/Src/stm32g4xx_hal_rcc.o
                0x0800478c                HAL_RCC_GetHCLKFreq
 .text.HAL_RCC_GetPCLK1Freq
                0x080047a4       0x2c ./Drivers/STM32G4xx_HAL_Driver/Src/stm32g4xx_hal_rcc.o
                0x080047a4                HAL_RCC_GetPCLK1Freq
 .text.HAL_RCC_GetPCLK2Freq
                0x080047d0       0x2c ./Drivers/STM32G4xx_HAL_Driver/Src/stm32g4xx_hal_rcc.o
                0x080047d0                HAL_RCC_GetPCLK2Freq
 .text.RCC_GetSysClockFreqFromPLLSource
                0x080047fc       0x8c ./Drivers/STM32G4xx_HAL_Driver/Src/stm32g4xx_hal_rcc.o
 .text.HAL_RCCEx_PeriphCLKConfig
                0x08004888      0x49c ./Drivers/STM32G4xx_HAL_Driver/Src/stm32g4xx_hal_rcc_ex.o
                0x08004888                HAL_RCCEx_PeriphCLKConfig
 .text.HAL_TIM_Base_Init
                0x08004d24       0xae ./Drivers/STM32G4xx_HAL_Driver/Src/stm32g4xx_hal_tim.o
                0x08004d24                HAL_TIM_Base_Init
 *fill*         0x08004dd2        0x2 
 .text.HAL_TIM_Base_Start_IT
                0x08004dd4       0xf0 ./Drivers/STM32G4xx_HAL_Driver/Src/stm32g4xx_hal_tim.o
                0x08004dd4                HAL_TIM_Base_Start_IT
 .text.HAL_TIM_IC_Init
                0x08004ec4       0xae ./Drivers/STM32G4xx_HAL_Driver/Src/stm32g4xx_hal_tim.o
                0x08004ec4                HAL_TIM_IC_Init
 .text.HAL_TIM_IC_MspInit
                0x08004f72       0x14 ./Drivers/STM32G4xx_HAL_Driver/Src/stm32g4xx_hal_tim.o
                0x08004f72                HAL_TIM_IC_MspInit
 *fill*         0x08004f86        0x2 
 .text.HAL_TIM_IC_Start
                0x08004f88      0x208 ./Drivers/STM32G4xx_HAL_Driver/Src/stm32g4xx_hal_tim.o
                0x08004f88                HAL_TIM_IC_Start
 .text.HAL_TIM_IC_Start_IT
                0x08005190      0x2a0 ./Drivers/STM32G4xx_HAL_Driver/Src/stm32g4xx_hal_tim.o
                0x08005190                HAL_TIM_IC_Start_IT
 .text.HAL_TIM_IRQHandler
                0x08005430      0x29e ./Drivers/STM32G4xx_HAL_Driver/Src/stm32g4xx_hal_tim.o
                0x08005430                HAL_TIM_IRQHandler
 .text.HAL_TIM_IC_ConfigChannel
                0x080056ce      0x138 ./Drivers/STM32G4xx_HAL_Driver/Src/stm32g4xx_hal_tim.o
                0x080056ce                HAL_TIM_IC_ConfigChannel
 *fill*         0x08005806        0x2 
 .text.HAL_TIM_ConfigClockSource
                0x08005808      0x22c ./Drivers/STM32G4xx_HAL_Driver/Src/stm32g4xx_hal_tim.o
                0x08005808                HAL_TIM_ConfigClockSource
 .text.HAL_TIM_ReadCapturedValue
                0x08005a34       0x88 ./Drivers/STM32G4xx_HAL_Driver/Src/stm32g4xx_hal_tim.o
                0x08005a34                HAL_TIM_ReadCapturedValue
 .text.HAL_TIM_OC_DelayElapsedCallback
                0x08005abc       0x14 ./Drivers/STM32G4xx_HAL_Driver/Src/stm32g4xx_hal_tim.o
                0x08005abc                HAL_TIM_OC_DelayElapsedCallback
 .text.HAL_TIM_PWM_PulseFinishedCallback
                0x08005ad0       0x14 ./Drivers/STM32G4xx_HAL_Driver/Src/stm32g4xx_hal_tim.o
                0x08005ad0                HAL_TIM_PWM_PulseFinishedCallback
 .text.HAL_TIM_TriggerCallback
                0x08005ae4       0x14 ./Drivers/STM32G4xx_HAL_Driver/Src/stm32g4xx_hal_tim.o
                0x08005ae4                HAL_TIM_TriggerCallback
 .text.TIM_Base_SetConfig
                0x08005af8      0x15c ./Drivers/STM32G4xx_HAL_Driver/Src/stm32g4xx_hal_tim.o
                0x08005af8                TIM_Base_SetConfig
 .text.TIM_TI1_SetConfig
                0x08005c54      0x12c ./Drivers/STM32G4xx_HAL_Driver/Src/stm32g4xx_hal_tim.o
                0x08005c54                TIM_TI1_SetConfig
 .text.TIM_TI1_ConfigInputStage
                0x08005d80       0xb4 ./Drivers/STM32G4xx_HAL_Driver/Src/stm32g4xx_hal_tim.o
 .text.TIM_TI2_SetConfig
                0x08005e34       0xac ./Drivers/STM32G4xx_HAL_Driver/Src/stm32g4xx_hal_tim.o
 .text.TIM_TI2_ConfigInputStage
                0x08005ee0       0x90 ./Drivers/STM32G4xx_HAL_Driver/Src/stm32g4xx_hal_tim.o
 .text.TIM_TI3_SetConfig
                0x08005f70       0xa8 ./Drivers/STM32G4xx_HAL_Driver/Src/stm32g4xx_hal_tim.o
 .text.TIM_TI4_SetConfig
                0x08006018       0xac ./Drivers/STM32G4xx_HAL_Driver/Src/stm32g4xx_hal_tim.o
 .text.TIM_ITRx_SetConfig
                0x080060c4       0x3a ./Drivers/STM32G4xx_HAL_Driver/Src/stm32g4xx_hal_tim.o
 .text.TIM_ETR_SetConfig
                0x080060fe       0x40 ./Drivers/STM32G4xx_HAL_Driver/Src/stm32g4xx_hal_tim.o
                0x080060fe                TIM_ETR_SetConfig
 .text.TIM_CCxChannelCmd
                0x0800613e       0x4a ./Drivers/STM32G4xx_HAL_Driver/Src/stm32g4xx_hal_tim.o
                0x0800613e                TIM_CCxChannelCmd
 .text.HAL_TIMEx_MasterConfigSynchronization
                0x08006188      0x12c ./Drivers/STM32G4xx_HAL_Driver/Src/stm32g4xx_hal_tim_ex.o
                0x08006188                HAL_TIMEx_MasterConfigSynchronization
 .text.HAL_TIMEx_CommutCallback
                0x080062b4       0x14 ./Drivers/STM32G4xx_HAL_Driver/Src/stm32g4xx_hal_tim_ex.o
                0x080062b4                HAL_TIMEx_CommutCallback
 .text.HAL_TIMEx_BreakCallback
                0x080062c8       0x14 ./Drivers/STM32G4xx_HAL_Driver/Src/stm32g4xx_hal_tim_ex.o
                0x080062c8                HAL_TIMEx_BreakCallback
 .text.HAL_TIMEx_Break2Callback
                0x080062dc       0x14 ./Drivers/STM32G4xx_HAL_Driver/Src/stm32g4xx_hal_tim_ex.o
                0x080062dc                HAL_TIMEx_Break2Callback
 .text.HAL_TIMEx_EncoderIndexCallback
                0x080062f0       0x14 ./Drivers/STM32G4xx_HAL_Driver/Src/stm32g4xx_hal_tim_ex.o
                0x080062f0                HAL_TIMEx_EncoderIndexCallback
 .text.HAL_TIMEx_DirectionChangeCallback
                0x08006304       0x14 ./Drivers/STM32G4xx_HAL_Driver/Src/stm32g4xx_hal_tim_ex.o
                0x08006304                HAL_TIMEx_DirectionChangeCallback
 .text.HAL_TIMEx_IndexErrorCallback
                0x08006318       0x14 ./Drivers/STM32G4xx_HAL_Driver/Src/stm32g4xx_hal_tim_ex.o
                0x08006318                HAL_TIMEx_IndexErrorCallback
 .text.HAL_TIMEx_TransitionErrorCallback
                0x0800632c       0x14 ./Drivers/STM32G4xx_HAL_Driver/Src/stm32g4xx_hal_tim_ex.o
                0x0800632c                HAL_TIMEx_TransitionErrorCallback
 .text.HAL_UART_Init
                0x08006340       0xa0 ./Drivers/STM32G4xx_HAL_Driver/Src/stm32g4xx_hal_uart.o
                0x08006340                HAL_UART_Init
 .text.HAL_UART_Transmit_DMA
                0x080063e0      0x100 ./Drivers/STM32G4xx_HAL_Driver/Src/stm32g4xx_hal_uart.o
                0x080063e0                HAL_UART_Transmit_DMA
 .text.HAL_UART_Receive_DMA
                0x080064e0       0x98 ./Drivers/STM32G4xx_HAL_Driver/Src/stm32g4xx_hal_uart.o
                0x080064e0                HAL_UART_Receive_DMA
 .text.HAL_UART_IRQHandler
                0x08006578      0x684 ./Drivers/STM32G4xx_HAL_Driver/Src/stm32g4xx_hal_uart.o
                0x08006578                HAL_UART_IRQHandler
 .text.HAL_UART_TxCpltCallback
                0x08006bfc       0x14 ./Drivers/STM32G4xx_HAL_Driver/Src/stm32g4xx_hal_uart.o
                0x08006bfc                HAL_UART_TxCpltCallback
 .text.HAL_UART_TxHalfCpltCallback
                0x08006c10       0x14 ./Drivers/STM32G4xx_HAL_Driver/Src/stm32g4xx_hal_uart.o
                0x08006c10                HAL_UART_TxHalfCpltCallback
 .text.HAL_UART_RxHalfCpltCallback
                0x08006c24       0x14 ./Drivers/STM32G4xx_HAL_Driver/Src/stm32g4xx_hal_uart.o
                0x08006c24                HAL_UART_RxHalfCpltCallback
 .text.HAL_UART_ErrorCallback
                0x08006c38       0x14 ./Drivers/STM32G4xx_HAL_Driver/Src/stm32g4xx_hal_uart.o
                0x08006c38                HAL_UART_ErrorCallback
 .text.HAL_UARTEx_RxEventCallback
                0x08006c4c       0x18 ./Drivers/STM32G4xx_HAL_Driver/Src/stm32g4xx_hal_uart.o
                0x08006c4c                HAL_UARTEx_RxEventCallback
 .text.UART_SetConfig
                0x08006c64      0x5f8 ./Drivers/STM32G4xx_HAL_Driver/Src/stm32g4xx_hal_uart.o
                0x08006c64                UART_SetConfig
 .text.UART_AdvFeatureConfig
                0x0800725c      0x144 ./Drivers/STM32G4xx_HAL_Driver/Src/stm32g4xx_hal_uart.o
                0x0800725c                UART_AdvFeatureConfig
 .text.UART_CheckIdleState
                0x080073a0      0x154 ./Drivers/STM32G4xx_HAL_Driver/Src/stm32g4xx_hal_uart.o
                0x080073a0                UART_CheckIdleState
 .text.UART_WaitOnFlagUntilTimeout
                0x080074f4       0xda ./Drivers/STM32G4xx_HAL_Driver/Src/stm32g4xx_hal_uart.o
                0x080074f4                UART_WaitOnFlagUntilTimeout
 *fill*         0x080075ce        0x2 
 .text.UART_Start_Receive_DMA
                0x080075d0      0x14c ./Drivers/STM32G4xx_HAL_Driver/Src/stm32g4xx_hal_uart.o
                0x080075d0                UART_Start_Receive_DMA
 .text.UART_EndTxTransfer
                0x0800771c       0x82 ./Drivers/STM32G4xx_HAL_Driver/Src/stm32g4xx_hal_uart.o
 .text.UART_EndRxTransfer
                0x0800779e       0xcc ./Drivers/STM32G4xx_HAL_Driver/Src/stm32g4xx_hal_uart.o
 .text.UART_DMATransmitCplt
                0x0800786a       0x9a ./Drivers/STM32G4xx_HAL_Driver/Src/stm32g4xx_hal_uart.o
 .text.UART_DMATxHalfCplt
                0x08007904       0x1c ./Drivers/STM32G4xx_HAL_Driver/Src/stm32g4xx_hal_uart.o
 .text.UART_DMAReceiveCplt
                0x08007920      0x162 ./Drivers/STM32G4xx_HAL_Driver/Src/stm32g4xx_hal_uart.o
 .text.UART_DMARxHalfCplt
                0x08007a82       0x72 ./Drivers/STM32G4xx_HAL_Driver/Src/stm32g4xx_hal_uart.o
 .text.UART_DMAError
                0x08007af4       0x70 ./Drivers/STM32G4xx_HAL_Driver/Src/stm32g4xx_hal_uart.o
 .text.UART_DMAAbortOnError
                0x08007b64       0x1c ./Drivers/STM32G4xx_HAL_Driver/Src/stm32g4xx_hal_uart.o
 .text.UART_EndTransmit_IT
                0x08007b80       0x56 ./Drivers/STM32G4xx_HAL_Driver/Src/stm32g4xx_hal_uart.o
 .text.HAL_UARTEx_WakeupCallback
                0x08007bd6       0x14 ./Drivers/STM32G4xx_HAL_Driver/Src/stm32g4xx_hal_uart_ex.o
                0x08007bd6                HAL_UARTEx_WakeupCallback
 .text.HAL_UARTEx_RxFifoFullCallback
                0x08007bea       0x14 ./Drivers/STM32G4xx_HAL_Driver/Src/stm32g4xx_hal_uart_ex.o
                0x08007bea                HAL_UARTEx_RxFifoFullCallback
 .text.HAL_UARTEx_TxFifoEmptyCallback
                0x08007bfe       0x14 ./Drivers/STM32G4xx_HAL_Driver/Src/stm32g4xx_hal_uart_ex.o
                0x08007bfe                HAL_UARTEx_TxFifoEmptyCallback
 .text.HAL_UARTEx_DisableFifoMode
                0x08007c12       0x72 ./Drivers/STM32G4xx_HAL_Driver/Src/stm32g4xx_hal_uart_ex.o
                0x08007c12                HAL_UARTEx_DisableFifoMode
 .text.HAL_UARTEx_SetTxFifoThreshold
                0x08007c84       0x7c ./Drivers/STM32G4xx_HAL_Driver/Src/stm32g4xx_hal_uart_ex.o
                0x08007c84                HAL_UARTEx_SetTxFifoThreshold
 .text.HAL_UARTEx_SetRxFifoThreshold
                0x08007d00       0x7c ./Drivers/STM32G4xx_HAL_Driver/Src/stm32g4xx_hal_uart_ex.o
                0x08007d00                HAL_UARTEx_SetRxFifoThreshold
 .text.UARTEx_SetNbDataToProcess
                0x08007d7c       0x9c ./Drivers/STM32G4xx_HAL_Driver/Src/stm32g4xx_hal_uart_ex.o
 .text.arm_mat_trans_f32
                0x08007e18      0x154 ../Middlewares/Third_Party/ARM_CMSIS/CMSIS/DSP/Lib/GCC\libarm_cortexM4lf_math.a(arm_mat_trans_f32.o)
                0x08007e18                arm_mat_trans_f32
 .text.arm_mat_sub_f32
                0x08007f6c       0xd8 ../Middlewares/Third_Party/ARM_CMSIS/CMSIS/DSP/Lib/GCC\libarm_cortexM4lf_math.a(arm_mat_sub_f32.o)
                0x08007f6c                arm_mat_sub_f32
 .text.arm_mat_mult_f32
                0x08008044      0x220 ../Middlewares/Third_Party/ARM_CMSIS/CMSIS/DSP/Lib/GCC\libarm_cortexM4lf_math.a(arm_mat_mult_f32.o)
                0x08008044                arm_mat_mult_f32
 .text.arm_mat_inverse_f32
                0x08008264      0x258 ../Middlewares/Third_Party/ARM_CMSIS/CMSIS/DSP/Lib/GCC\libarm_cortexM4lf_math.a(arm_mat_inverse_f32.o)
                0x08008264                arm_mat_inverse_f32
 .text.arm_mat_init_f32
                0x080084bc        0x8 ../Middlewares/Third_Party/ARM_CMSIS/CMSIS/DSP/Lib/GCC\libarm_cortexM4lf_math.a(arm_mat_init_f32.o)
                0x080084bc                arm_mat_init_f32
 .text.arm_mat_add_f32
                0x080084c4       0xd8 ../Middlewares/Third_Party/ARM_CMSIS/CMSIS/DSP/Lib/GCC\libarm_cortexM4lf_math.a(arm_mat_add_f32.o)
                0x080084c4                arm_mat_add_f32
 .text.memset   0x0800859c       0x10 C:/ST/STM32CubeIDE_1.19.0/STM32CubeIDE/plugins/com.st.stm32cube.ide.mcu.externaltools.gnu-tools-for-stm32.13.3.rel1.win32_1.0.0.202411081344/tools/bin/../lib/gcc/arm-none-eabi/13.3.1/../../../../arm-none-eabi/lib/thumb/v7e-m+fp/hard\libc_nano.a(libc_a-memset.o)
                0x0800859c                memset
 .text.__libc_init_array
                0x080085ac       0x48 C:/ST/STM32CubeIDE_1.19.0/STM32CubeIDE/plugins/com.st.stm32cube.ide.mcu.externaltools.gnu-tools-for-stm32.13.3.rel1.win32_1.0.0.202411081344/tools/bin/../lib/gcc/arm-none-eabi/13.3.1/../../../../arm-none-eabi/lib/thumb/v7e-m+fp/hard\libc_nano.a(libc_a-init.o)
                0x080085ac                __libc_init_array
 .text.memcpy   0x080085f4       0x1c C:/ST/STM32CubeIDE_1.19.0/STM32CubeIDE/plugins/com.st.stm32cube.ide.mcu.externaltools.gnu-tools-for-stm32.13.3.rel1.win32_1.0.0.202411081344/tools/bin/../lib/gcc/arm-none-eabi/13.3.1/../../../../arm-none-eabi/lib/thumb/v7e-m+fp/hard\libc_nano.a(libc_a-memcpy-stub.o)
                0x080085f4                memcpy
 *(.glue_7)
 .glue_7        0x08008610        0x0 linker stubs
 *(.glue_7t)
 .glue_7t       0x08008610        0x0 linker stubs
 *(.eh_frame)
 .eh_frame      0x08008610        0x0 C:/ST/STM32CubeIDE_1.19.0/STM32CubeIDE/plugins/com.st.stm32cube.ide.mcu.externaltools.gnu-tools-for-stm32.13.3.rel1.win32_1.0.0.202411081344/tools/bin/../lib/gcc/arm-none-eabi/13.3.1/thumb/v7e-m+fp/hard/crtbegin.o
 *(.init)
 .init          0x08008610        0x4 C:/ST/STM32CubeIDE_1.19.0/STM32CubeIDE/plugins/com.st.stm32cube.ide.mcu.externaltools.gnu-tools-for-stm32.13.3.rel1.win32_1.0.0.202411081344/tools/bin/../lib/gcc/arm-none-eabi/13.3.1/thumb/v7e-m+fp/hard/crti.o
                0x08008610                _init
 .init          0x08008614        0x8 C:/ST/STM32CubeIDE_1.19.0/STM32CubeIDE/plugins/com.st.stm32cube.ide.mcu.externaltools.gnu-tools-for-stm32.13.3.rel1.win32_1.0.0.202411081344/tools/bin/../lib/gcc/arm-none-eabi/13.3.1/thumb/v7e-m+fp/hard/crtn.o
 *(.fini)
 .fini          0x0800861c        0x4 C:/ST/STM32CubeIDE_1.19.0/STM32CubeIDE/plugins/com.st.stm32cube.ide.mcu.externaltools.gnu-tools-for-stm32.13.3.rel1.win32_1.0.0.202411081344/tools/bin/../lib/gcc/arm-none-eabi/13.3.1/thumb/v7e-m+fp/hard/crti.o
                0x0800861c                _fini
 .fini          0x08008620        0x8 C:/ST/STM32CubeIDE_1.19.0/STM32CubeIDE/plugins/com.st.stm32cube.ide.mcu.externaltools.gnu-tools-for-stm32.13.3.rel1.win32_1.0.0.202411081344/tools/bin/../lib/gcc/arm-none-eabi/13.3.1/thumb/v7e-m+fp/hard/crtn.o
                0x08008628                        . = ALIGN (0x4)
                0x08008628                        _etext = .

.vfp11_veneer   0x08008628        0x0
 .vfp11_veneer  0x08008628        0x0 linker stubs

.v4_bx          0x08008628        0x0
 .v4_bx         0x08008628        0x0 linker stubs

.iplt           0x08008628        0x0
 .iplt          0x08008628        0x0 C:/ST/STM32CubeIDE_1.19.0/STM32CubeIDE/plugins/com.st.stm32cube.ide.mcu.externaltools.gnu-tools-for-stm32.13.3.rel1.win32_1.0.0.202411081344/tools/bin/../lib/gcc/arm-none-eabi/13.3.1/thumb/v7e-m+fp/hard/crtbegin.o

.rodata         0x08008628       0xd4
                0x08008628                        . = ALIGN (0x4)
 *(.rodata)
 .rodata        0x08008628       0x8c ./Core/Src/main.o
 *(.rodata*)
 .rodata.TYPE_SIZE
                0x080086b4        0x8 ./Core/Src/SerialFrame.o
 .rodata.AHBPrescTable
                0x080086bc       0x10 ./Core/Src/system_stm32g4xx.o
                0x080086bc                AHBPrescTable
 .rodata.APBPrescTable
                0x080086cc        0x8 ./Core/Src/system_stm32g4xx.o
                0x080086cc                APBPrescTable
 .rodata.UARTPrescTable
                0x080086d4       0x18 ./Drivers/STM32G4xx_HAL_Driver/Src/stm32g4xx_hal_uart.o
                0x080086d4                UARTPrescTable
 .rodata.numerator.1
                0x080086ec        0x8 ./Drivers/STM32G4xx_HAL_Driver/Src/stm32g4xx_hal_uart_ex.o
 .rodata.denominator.0
                0x080086f4        0x8 ./Drivers/STM32G4xx_HAL_Driver/Src/stm32g4xx_hal_uart_ex.o
                0x080086fc                        . = ALIGN (0x4)

.ARM.extab      0x080086fc        0x0
                0x080086fc                        . = ALIGN (0x4)
 *(.ARM.extab* .gnu.linkonce.armextab.*)
                0x080086fc                        . = ALIGN (0x4)

.ARM            0x080086fc        0x8
                0x080086fc                        . = ALIGN (0x4)
                0x080086fc                        __exidx_start = .
 *(.ARM.exidx*)
 .ARM.exidx     0x080086fc        0x8 C:/ST/STM32CubeIDE_1.19.0/STM32CubeIDE/plugins/com.st.stm32cube.ide.mcu.externaltools.gnu-tools-for-stm32.13.3.rel1.win32_1.0.0.202411081344/tools/bin/../lib/gcc/arm-none-eabi/13.3.1/thumb/v7e-m+fp/hard\libgcc.a(_udivmoddi4.o)
                0x08008704                        __exidx_end = .
                0x08008704                        . = ALIGN (0x4)

.preinit_array  0x08008704        0x0
                0x08008704                        . = ALIGN (0x4)
                0x08008704                        PROVIDE (__preinit_array_start = .)
 *(.preinit_array*)
                0x08008704                        PROVIDE (__preinit_array_end = .)
                0x08008704                        . = ALIGN (0x4)

.init_array     0x08008704        0x4
                0x08008704                        . = ALIGN (0x4)
                0x08008704                        PROVIDE (__init_array_start = .)
 *(SORT_BY_NAME(.init_array.*))
 *(.init_array*)
 .init_array    0x08008704        0x4 C:/ST/STM32CubeIDE_1.19.0/STM32CubeIDE/plugins/com.st.stm32cube.ide.mcu.externaltools.gnu-tools-for-stm32.13.3.rel1.win32_1.0.0.202411081344/tools/bin/../lib/gcc/arm-none-eabi/13.3.1/thumb/v7e-m+fp/hard/crtbegin.o
                0x08008708                        PROVIDE (__init_array_end = .)
                0x08008708                        . = ALIGN (0x4)

.fini_array     0x08008708        0x4
                0x08008708                        . = ALIGN (0x4)
                [!provide]                        PROVIDE (__fini_array_start = .)
 *(SORT_BY_NAME(.fini_array.*))
 *(.fini_array*)
 .fini_array    0x08008708        0x4 C:/ST/STM32CubeIDE_1.19.0/STM32CubeIDE/plugins/com.st.stm32cube.ide.mcu.externaltools.gnu-tools-for-stm32.13.3.rel1.win32_1.0.0.202411081344/tools/bin/../lib/gcc/arm-none-eabi/13.3.1/thumb/v7e-m+fp/hard/crtbegin.o
                [!provide]                        PROVIDE (__fini_array_end = .)
                0x0800870c                        . = ALIGN (0x4)
                0x0800870c                        _sidata = LOADADDR (.data)

.rel.dyn        0x0800870c        0x0
 .rel.iplt      0x0800870c        0x0 C:/ST/STM32CubeIDE_1.19.0/STM32CubeIDE/plugins/com.st.stm32cube.ide.mcu.externaltools.gnu-tools-for-stm32.13.3.rel1.win32_1.0.0.202411081344/tools/bin/../lib/gcc/arm-none-eabi/13.3.1/thumb/v7e-m+fp/hard/crtbegin.o

.data           0x20000000       0x18 load address 0x0800870c
                0x20000000                        . = ALIGN (0x4)
                0x20000000                        _sdata = .
 *(.data)
 *(.data*)
 .data.Mass     0x20000000        0x4 ./Core/Src/main.o
 .data.Damping  0x20000004        0x4 ./Core/Src/main.o
 .data.Spring_K
                0x20000008        0x4 ./Core/Src/main.o
 .data.SystemCoreClock
                0x2000000c        0x4 ./Core/Src/system_stm32g4xx.o
                0x2000000c                SystemCoreClock
 .data.uwTickPrio
                0x20000010        0x4 ./Drivers/STM32G4xx_HAL_Driver/Src/stm32g4xx_hal.o
                0x20000010                uwTickPrio
 .data.uwTickFreq
                0x20000014        0x4 ./Drivers/STM32G4xx_HAL_Driver/Src/stm32g4xx_hal.o
                0x20000014                uwTickFreq
 *(.RamFunc)
 *(.RamFunc*)
                0x20000018                        . = ALIGN (0x4)
                0x20000018                        _edata = .

.igot.plt       0x20000018        0x0 load address 0x08008724
 .igot.plt      0x20000018        0x0 C:/ST/STM32CubeIDE_1.19.0/STM32CubeIDE/plugins/com.st.stm32cube.ide.mcu.externaltools.gnu-tools-for-stm32.13.3.rel1.win32_1.0.0.202411081344/tools/bin/../lib/gcc/arm-none-eabi/13.3.1/thumb/v7e-m+fp/hard/crtbegin.o
                0x20000018                        . = ALIGN (0x4)

.bss            0x20000018     0x33b8 load address 0x08008724
                0x20000018                        _sbss = .
                0x20000018                        __bss_start__ = _sbss
 *(.bss)
 .bss           0x20000018       0x1c C:/ST/STM32CubeIDE_1.19.0/STM32CubeIDE/plugins/com.st.stm32cube.ide.mcu.externaltools.gnu-tools-for-stm32.13.3.rel1.win32_1.0.0.202411081344/tools/bin/../lib/gcc/arm-none-eabi/13.3.1/thumb/v7e-m+fp/hard/crtbegin.o
 *(.bss*)
 .bss.KF_CD     0x20000034      0x7ec ./Core/Src/main.o
 .bss.KF_CVD    0x20000820      0x888 ./Core/Src/main.o
 .bss.KF_CAD    0x200010a8      0x960 ./Core/Src/main.o
 .bss.KF_MSD_VQ
                0x20001a08      0x8a0 ./Core/Src/main.o
 .bss.KF_MSD_VR
                0x200022a8      0x8a0 ./Core/Src/main.o
 .bss.Sensor    0x20002b48       0x1c ./Core/Src/main.o
 .bss.Frame     0x20002b64      0x60c ./Core/Src/main.o
 .bss.Mode      0x20003170        0x2 ./Core/Src/main.o
 *fill*         0x20003172        0x2 
 .bss.Calib_Height
                0x20003174        0x4 ./Core/Src/main.o
 .bss.Raw_Pos   0x20003178        0x4 ./Core/Src/main.o
 .bss.KF_Out_1  0x2000317c        0x4 ./Core/Src/main.o
 .bss.KF_Out_2  0x20003180        0x4 ./Core/Src/main.o
 .bss.KF_Out_3  0x20003184        0x4 ./Core/Src/main.o
 .bss.KF_Vel_1  0x20003188        0x4 ./Core/Src/main.o
 .bss.KF_Vel_2  0x2000318c        0x4 ./Core/Src/main.o
 .bss.KF_Vel_3  0x20003190        0x4 ./Core/Src/main.o
 .bss.htim1     0x20003194       0x4c ./Core/Src/tim.o
                0x20003194                htim1
 .bss.htim3     0x200031e0       0x4c ./Core/Src/tim.o
                0x200031e0                htim3
 .bss.htim6     0x2000322c       0x4c ./Core/Src/tim.o
                0x2000322c                htim6
 .bss.hlpuart1  0x20003278       0x94 ./Core/Src/usart.o
                0x20003278                hlpuart1
 .bss.hdma_lpuart1_rx
                0x2000330c       0x60 ./Core/Src/usart.o
                0x2000330c                hdma_lpuart1_rx
 .bss.hdma_lpuart1_tx
                0x2000336c       0x60 ./Core/Src/usart.o
                0x2000336c                hdma_lpuart1_tx
 .bss.uwTick    0x200033cc        0x4 ./Drivers/STM32G4xx_HAL_Driver/Src/stm32g4xx_hal.o
                0x200033cc                uwTick
 *(COMMON)
                0x200033d0                        . = ALIGN (0x4)
                0x200033d0                        _ebss = .
                0x200033d0                        __bss_end__ = _ebss

._user_heap_stack
                0x200033d0      0x600 load address 0x08008724
                0x200033d0                        . = ALIGN (0x8)
                [!provide]                        PROVIDE (end = .)
                0x200033d0                        PROVIDE (_end = .)
                0x200035d0                        . = (. + _Min_Heap_Size)
 *fill*         0x200033d0      0x200 
                0x200039d0                        . = (. + _Min_Stack_Size)
 *fill*         0x200035d0      0x400 
                0x200039d0                        . = ALIGN (0x8)

/DISCARD/
 libc.a(*)
 libm.a(*)
 libgcc.a(*)

.ARM.attributes
                0x00000000       0x30
 *(.ARM.attributes)
 .ARM.attributes
                0x00000000       0x22 C:/ST/STM32CubeIDE_1.19.0/STM32CubeIDE/plugins/com.st.stm32cube.ide.mcu.externaltools.gnu-tools-for-stm32.13.3.rel1.win32_1.0.0.202411081344/tools/bin/../lib/gcc/arm-none-eabi/13.3.1/thumb/v7e-m+fp/hard/crti.o
 .ARM.attributes
                0x00000022       0x34 C:/ST/STM32CubeIDE_1.19.0/STM32CubeIDE/plugins/com.st.stm32cube.ide.mcu.externaltools.gnu-tools-for-stm32.13.3.rel1.win32_1.0.0.202411081344/tools/bin/../lib/gcc/arm-none-eabi/13.3.1/thumb/v7e-m+fp/hard/crtbegin.o
 .ARM.attributes
                0x00000056       0x34 ./Core/Src/KalmanFilter.o
 .ARM.attributes
                0x0000008a       0x34 ./Core/Src/KalmanFilterCAD.o
 .ARM.attributes
                0x000000be       0x34 ./Core/Src/KalmanFilterCD.o
 .ARM.attributes
                0x000000f2       0x34 ./Core/Src/KalmanFilterCVD.o
 .ARM.attributes
                0x00000126       0x34 ./Core/Src/KalmanFilterMSD.o
 .ARM.attributes
                0x0000015a       0x34 ./Core/Src/SerialFrame.o
 .ARM.attributes
                0x0000018e       0x34 ./Core/Src/Ultrasonic.o
 .ARM.attributes
                0x000001c2       0x34 ./Core/Src/dma.o
 .ARM.attributes
                0x000001f6       0x34 ./Core/Src/gpio.o
 .ARM.attributes
                0x0000022a       0x34 ./Core/Src/main.o
 .ARM.attributes
                0x0000025e       0x34 ./Core/Src/stm32g4xx_hal_msp.o
 .ARM.attributes
                0x00000292       0x34 ./Core/Src/stm32g4xx_it.o
 .ARM.attributes
                0x000002c6       0x34 ./Core/Src/system_stm32g4xx.o
 .ARM.attributes
                0x000002fa       0x34 ./Core/Src/tim.o
 .ARM.attributes
                0x0000032e       0x34 ./Core/Src/usart.o
 .ARM.attributes
                0x00000362       0x21 ./Core/Startup/startup_stm32g474retx.o
 .ARM.attributes
                0x00000383       0x34 ./Drivers/STM32G4xx_HAL_Driver/Src/stm32g4xx_hal.o
 .ARM.attributes
                0x000003b7       0x34 ./Drivers/STM32G4xx_HAL_Driver/Src/stm32g4xx_hal_cortex.o
 .ARM.attributes
                0x000003eb       0x34 ./Drivers/STM32G4xx_HAL_Driver/Src/stm32g4xx_hal_dma.o
 .ARM.attributes
                0x0000041f       0x34 ./Drivers/STM32G4xx_HAL_Driver/Src/stm32g4xx_hal_gpio.o
 .ARM.attributes
                0x00000453       0x34 ./Drivers/STM32G4xx_HAL_Driver/Src/stm32g4xx_hal_pwr_ex.o
 .ARM.attributes
                0x00000487       0x34 ./Drivers/STM32G4xx_HAL_Driver/Src/stm32g4xx_hal_rcc.o
 .ARM.attributes
                0x000004bb       0x34 ./Drivers/STM32G4xx_HAL_Driver/Src/stm32g4xx_hal_rcc_ex.o
 .ARM.attributes
                0x000004ef       0x34 ./Drivers/STM32G4xx_HAL_Driver/Src/stm32g4xx_hal_tim.o
 .ARM.attributes
                0x00000523       0x34 ./Drivers/STM32G4xx_HAL_Driver/Src/stm32g4xx_hal_tim_ex.o
 .ARM.attributes
                0x00000557       0x34 ./Drivers/STM32G4xx_HAL_Driver/Src/stm32g4xx_hal_uart.o
 .ARM.attributes
                0x0000058b       0x34 ./Drivers/STM32G4xx_HAL_Driver/Src/stm32g4xx_hal_uart_ex.o
 .ARM.attributes
                0x000005bf       0x34 ../Middlewares/Third_Party/ARM_CMSIS/CMSIS/DSP/Lib/GCC\libarm_cortexM4lf_math.a(arm_mat_trans_f32.o)
 .ARM.attributes
                0x000005f3       0x34 ../Middlewares/Third_Party/ARM_CMSIS/CMSIS/DSP/Lib/GCC\libarm_cortexM4lf_math.a(arm_mat_sub_f32.o)
 .ARM.attributes
                0x00000627       0x34 ../Middlewares/Third_Party/ARM_CMSIS/CMSIS/DSP/Lib/GCC\libarm_cortexM4lf_math.a(arm_mat_mult_f32.o)
 .ARM.attributes
                0x0000065b       0x34 ../Middlewares/Third_Party/ARM_CMSIS/CMSIS/DSP/Lib/GCC\libarm_cortexM4lf_math.a(arm_mat_inverse_f32.o)
 .ARM.attributes
                0x0000068f       0x34 ../Middlewares/Third_Party/ARM_CMSIS/CMSIS/DSP/Lib/GCC\libarm_cortexM4lf_math.a(arm_mat_init_f32.o)
 .ARM.attributes
                0x000006c3       0x34 ../Middlewares/Third_Party/ARM_CMSIS/CMSIS/DSP/Lib/GCC\libarm_cortexM4lf_math.a(arm_mat_add_f32.o)
 .ARM.attributes
                0x000006f7       0x34 C:/ST/STM32CubeIDE_1.19.0/STM32CubeIDE/plugins/com.st.stm32cube.ide.mcu.externaltools.gnu-tools-for-stm32.13.3.rel1.win32_1.0.0.202411081344/tools/bin/../lib/gcc/arm-none-eabi/13.3.1/../../../../arm-none-eabi/lib/thumb/v7e-m+fp/hard\libc_nano.a(libc_a-memset.o)
 .ARM.attributes
                0x0000072b       0x34 C:/ST/STM32CubeIDE_1.19.0/STM32CubeIDE/plugins/com.st.stm32cube.ide.mcu.externaltools.gnu-tools-for-stm32.13.3.rel1.win32_1.0.0.202411081344/tools/bin/../lib/gcc/arm-none-eabi/13.3.1/../../../../arm-none-eabi/lib/thumb/v7e-m+fp/hard\libc_nano.a(libc_a-init.o)
 .ARM.attributes
                0x0000075f       0x34 C:/ST/STM32CubeIDE_1.19.0/STM32CubeIDE/plugins/com.st.stm32cube.ide.mcu.externaltools.gnu-tools-for-stm32.13.3.rel1.win32_1.0.0.202411081344/tools/bin/../lib/gcc/arm-none-eabi/13.3.1/../../../../arm-none-eabi/lib/thumb/v7e-m+fp/hard\libc_nano.a(libc_a-memcpy-stub.o)
 .ARM.attributes
                0x00000793       0x22 C:/ST/STM32CubeIDE_1.19.0/STM32CubeIDE/plugins/com.st.stm32cube.ide.mcu.externaltools.gnu-tools-for-stm32.13.3.rel1.win32_1.0.0.202411081344/tools/bin/../lib/gcc/arm-none-eabi/13.3.1/thumb/v7e-m+fp/hard\libgcc.a(_aeabi_uldivmod.o)
 .ARM.attributes
                0x000007b5       0x34 C:/ST/STM32CubeIDE_1.19.0/STM32CubeIDE/plugins/com.st.stm32cube.ide.mcu.externaltools.gnu-tools-for-stm32.13.3.rel1.win32_1.0.0.202411081344/tools/bin/../lib/gcc/arm-none-eabi/13.3.1/thumb/v7e-m+fp/hard\libgcc.a(_udivmoddi4.o)
 .ARM.attributes
                0x000007e9       0x22 C:/ST/STM32CubeIDE_1.19.0/STM32CubeIDE/plugins/com.st.stm32cube.ide.mcu.externaltools.gnu-tools-for-stm32.13.3.rel1.win32_1.0.0.202411081344/tools/bin/../lib/gcc/arm-none-eabi/13.3.1/thumb/v7e-m+fp/hard\libgcc.a(_dvmd_tls.o)
 .ARM.attributes
                0x0000080b       0x22 C:/ST/STM32CubeIDE_1.19.0/STM32CubeIDE/plugins/com.st.stm32cube.ide.mcu.externaltools.gnu-tools-for-stm32.13.3.rel1.win32_1.0.0.202411081344/tools/bin/../lib/gcc/arm-none-eabi/13.3.1/thumb/v7e-m+fp/hard/crtn.o
OUTPUT(LAB3_State_Estimator.elf elf32-littlearm)
LOAD linker stubs
LOAD C:/ST/STM32CubeIDE_1.19.0/STM32CubeIDE/plugins/com.st.stm32cube.ide.mcu.externaltools.gnu-tools-for-stm32.13.3.rel1.win32_1.0.0.202411081344/tools/bin/../lib/gcc/arm-none-eabi/13.3.1/../../../../arm-none-eabi/lib/thumb/v7e-m+fp/hard\libc.a
LOAD C:/ST/STM32CubeIDE_1.19.0/STM32CubeIDE/plugins/com.st.stm32cube.ide.mcu.externaltools.gnu-tools-for-stm32.13.3.rel1.win32_1.0.0.202411081344/tools/bin/../lib/gcc/arm-none-eabi/13.3.1/../../../../arm-none-eabi/lib/thumb/v7e-m+fp/hard\libm.a
LOAD C:/ST/STM32CubeIDE_1.19.0/STM32CubeIDE/plugins/com.st.stm32cube.ide.mcu.externaltools.gnu-tools-for-stm32.13.3.rel1.win32_1.0.0.202411081344/tools/bin/../lib/gcc/arm-none-eabi/13.3.1/thumb/v7e-m+fp/hard\libgcc.a

.debug_info     0x00000000    0x1cb31
 .debug_info    0x00000000      0x5b7 ./Core/Src/KalmanFilter.o
 .debug_info    0x000005b7      0x63e ./Core/Src/KalmanFilterCAD.o
 .debug_info    0x00000bf5      0x450 ./Core/Src/KalmanFilterCD.o
 .debug_info    0x00001045      0x5d5 ./Core/Src/KalmanFilterCVD.o
 .debug_info    0x0000161a      0x5b6 ./Core/Src/KalmanFilterMSD.o
 .debug_info    0x00001bd0      0xbb6 ./Core/Src/SerialFrame.o
 .debug_info    0x00002786      0xb2d ./Core/Src/Ultrasonic.o
 .debug_info    0x000032b3      0x5ac ./Core/Src/dma.o
 .debug_info    0x0000385f      0x763 ./Core/Src/gpio.o
 .debug_info    0x00003fc2     0x1cce ./Core/Src/main.o
 .debug_info    0x00005c90      0x2da ./Core/Src/stm32g4xx_hal_msp.o
 .debug_info    0x00005f6a      0xd02 ./Core/Src/stm32g4xx_it.o
 .debug_info    0x00006c6c      0x58e ./Core/Src/system_stm32g4xx.o
 .debug_info    0x000071fa     0x119c ./Core/Src/tim.o
 .debug_info    0x00008396     0x10ef ./Core/Src/usart.o
 .debug_info    0x00009485       0x30 ./Core/Startup/startup_stm32g474retx.o
 .debug_info    0x000094b5      0xb95 ./Drivers/STM32G4xx_HAL_Driver/Src/stm32g4xx_hal.o
 .debug_info    0x0000a04a      0xdf9 ./Drivers/STM32G4xx_HAL_Driver/Src/stm32g4xx_hal_cortex.o
 .debug_info    0x0000ae43      0x85f ./Drivers/STM32G4xx_HAL_Driver/Src/stm32g4xx_hal_dma.o
 .debug_info    0x0000b6a2      0x772 ./Drivers/STM32G4xx_HAL_Driver/Src/stm32g4xx_hal_gpio.o
 .debug_info    0x0000be14      0x944 ./Drivers/STM32G4xx_HAL_Driver/Src/stm32g4xx_hal_pwr_ex.o
 .debug_info    0x0000c758      0xbf9 ./Drivers/STM32G4xx_HAL_Driver/Src/stm32g4xx_hal_rcc.o
 .debug_info    0x0000d351      0xc5d ./Drivers/STM32G4xx_HAL_Driver/Src/stm32g4xx_hal_rcc_ex.o
 .debug_info    0x0000dfae     0x2c52 ./Drivers/STM32G4xx_HAL_Driver/Src/stm32g4xx_hal_tim.o
 .debug_info    0x00010c00     0x1d95 ./Drivers/STM32G4xx_HAL_Driver/Src/stm32g4xx_hal_tim_ex.o
 .debug_info    0x00012995     0x4854 ./Drivers/STM32G4xx_HAL_Driver/Src/stm32g4xx_hal_uart.o
 .debug_info    0x000171e9      0xfdc ./Drivers/STM32G4xx_HAL_Driver/Src/stm32g4xx_hal_uart_ex.o
 .debug_info    0x000181c5      0xc1e ../Middlewares/Third_Party/ARM_CMSIS/CMSIS/DSP/Lib/GCC\libarm_cortexM4lf_math.a(arm_mat_trans_f32.o)
 .debug_info    0x00018de3      0xbf9 ../Middlewares/Third_Party/ARM_CMSIS/CMSIS/DSP/Lib/GCC\libarm_cortexM4lf_math.a(arm_mat_sub_f32.o)
 .debug_info    0x000199dc      0xcbd ../Middlewares/Third_Party/ARM_CMSIS/CMSIS/DSP/Lib/GCC\libarm_cortexM4lf_math.a(arm_mat_mult_f32.o)
 .debug_info    0x0001a699      0xd93 ../Middlewares/Third_Party/ARM_CMSIS/CMSIS/DSP/Lib/GCC\libarm_cortexM4lf_math.a(arm_mat_inverse_f32.o)
 .debug_info    0x0001b42c      0xb0c ../Middlewares/Third_Party/ARM_CMSIS/CMSIS/DSP/Lib/GCC\libarm_cortexM4lf_math.a(arm_mat_init_f32.o)
 .debug_info    0x0001bf38      0xbf9 ../Middlewares/Third_Party/ARM_CMSIS/CMSIS/DSP/Lib/GCC\libarm_cortexM4lf_math.a(arm_mat_add_f32.o)

.debug_abbrev   0x00000000     0x43c5
 .debug_abbrev  0x00000000      0x199 ./Core/Src/KalmanFilter.o
 .debug_abbrev  0x00000199      0x21c ./Core/Src/KalmanFilterCAD.o
 .debug_abbrev  0x000003b5      0x1c9 ./Core/Src/KalmanFilterCD.o
 .debug_abbrev  0x0000057e      0x21c ./Core/Src/KalmanFilterCVD.o
 .debug_abbrev  0x0000079a      0x1eb ./Core/Src/KalmanFilterMSD.o
 .debug_abbrev  0x00000985      0x1fb ./Core/Src/SerialFrame.o
 .debug_abbrev  0x00000b80      0x200 ./Core/Src/Ultrasonic.o
 .debug_abbrev  0x00000d80      0x109 ./Core/Src/dma.o
 .debug_abbrev  0x00000e89      0x162 ./Core/Src/gpio.o
 .debug_abbrev  0x00000feb      0x336 ./Core/Src/main.o
 .debug_abbrev  0x00001321       0xd9 ./Core/Src/stm32g4xx_hal_msp.o
 .debug_abbrev  0x000013fa      0x1e5 ./Core/Src/stm32g4xx_it.o
 .debug_abbrev  0x000015df      0x11a ./Core/Src/system_stm32g4xx.o
 .debug_abbrev  0x000016f9      0x244 ./Core/Src/tim.o
 .debug_abbrev  0x0000193d      0x228 ./Core/Src/usart.o
 .debug_abbrev  0x00001b65       0x24 ./Core/Startup/startup_stm32g474retx.o
 .debug_abbrev  0x00001b89      0x271 ./Drivers/STM32G4xx_HAL_Driver/Src/stm32g4xx_hal.o
 .debug_abbrev  0x00001dfa      0x31c ./Drivers/STM32G4xx_HAL_Driver/Src/stm32g4xx_hal_cortex.o
 .debug_abbrev  0x00002116      0x1e2 ./Drivers/STM32G4xx_HAL_Driver/Src/stm32g4xx_hal_dma.o
 .debug_abbrev  0x000022f8      0x1d2 ./Drivers/STM32G4xx_HAL_Driver/Src/stm32g4xx_hal_gpio.o
 .debug_abbrev  0x000024ca      0x22c ./Drivers/STM32G4xx_HAL_Driver/Src/stm32g4xx_hal_pwr_ex.o
 .debug_abbrev  0x000026f6      0x2c9 ./Drivers/STM32G4xx_HAL_Driver/Src/stm32g4xx_hal_rcc.o
 .debug_abbrev  0x000029bf      0x261 ./Drivers/STM32G4xx_HAL_Driver/Src/stm32g4xx_hal_rcc_ex.o
 .debug_abbrev  0x00002c20      0x2a7 ./Drivers/STM32G4xx_HAL_Driver/Src/stm32g4xx_hal_tim.o
 .debug_abbrev  0x00002ec7      0x2c5 ./Drivers/STM32G4xx_HAL_Driver/Src/stm32g4xx_hal_tim_ex.o
 .debug_abbrev  0x0000318c      0x304 ./Drivers/STM32G4xx_HAL_Driver/Src/stm32g4xx_hal_uart.o
 .debug_abbrev  0x00003490      0x2d2 ./Drivers/STM32G4xx_HAL_Driver/Src/stm32g4xx_hal_uart_ex.o
 .debug_abbrev  0x00003762      0x216 ../Middlewares/Third_Party/ARM_CMSIS/CMSIS/DSP/Lib/GCC\libarm_cortexM4lf_math.a(arm_mat_trans_f32.o)
 .debug_abbrev  0x00003978      0x202 ../Middlewares/Third_Party/ARM_CMSIS/CMSIS/DSP/Lib/GCC\libarm_cortexM4lf_math.a(arm_mat_sub_f32.o)
 .debug_abbrev  0x00003b7a      0x216 ../Middlewares/Third_Party/ARM_CMSIS/CMSIS/DSP/Lib/GCC\libarm_cortexM4lf_math.a(arm_mat_mult_f32.o)
 .debug_abbrev  0x00003d90      0x24c ../Middlewares/Third_Party/ARM_CMSIS/CMSIS/DSP/Lib/GCC\libarm_cortexM4lf_math.a(arm_mat_inverse_f32.o)
 .debug_abbrev  0x00003fdc      0x1e7 ../Middlewares/Third_Party/ARM_CMSIS/CMSIS/DSP/Lib/GCC\libarm_cortexM4lf_math.a(arm_mat_init_f32.o)
 .debug_abbrev  0x000041c3      0x202 ../Middlewares/Third_Party/ARM_CMSIS/CMSIS/DSP/Lib/GCC\libarm_cortexM4lf_math.a(arm_mat_add_f32.o)

.debug_aranges  0x00000000     0x1418
 .debug_aranges
                0x00000000       0x28 ./Core/Src/KalmanFilter.o
 .debug_aranges
                0x00000028       0x80 ./Core/Src/KalmanFilterCAD.o
 .debug_aranges
                0x000000a8       0x50 ./Core/Src/KalmanFilterCD.o
 .debug_aranges
                0x000000f8       0x78 ./Core/Src/KalmanFilterCVD.o
 .debug_aranges
                0x00000170       0x68 ./Core/Src/KalmanFilterMSD.o
 .debug_aranges
                0x000001d8       0x40 ./Core/Src/SerialFrame.o
 .debug_aranges
                0x00000218       0x40 ./Core/Src/Ultrasonic.o
 .debug_aranges
                0x00000258       0x20 ./Core/Src/dma.o
 .debug_aranges
                0x00000278       0x20 ./Core/Src/gpio.o
 .debug_aranges
                0x00000298       0x58 ./Core/Src/main.o
 .debug_aranges
                0x000002f0       0x20 ./Core/Src/stm32g4xx_hal_msp.o
 .debug_aranges
                0x00000310       0x98 ./Core/Src/stm32g4xx_it.o
 .debug_aranges
                0x000003a8       0x28 ./Core/Src/system_stm32g4xx.o
 .debug_aranges
                0x000003d0       0x40 ./Core/Src/tim.o
 .debug_aranges
                0x00000410       0x30 ./Core/Src/usart.o
 .debug_aranges
                0x00000440       0x28 ./Core/Startup/startup_stm32g474retx.o
 .debug_aranges
                0x00000468      0x148 ./Drivers/STM32G4xx_HAL_Driver/Src/stm32g4xx_hal.o
 .debug_aranges
                0x000005b0      0x128 ./Drivers/STM32G4xx_HAL_Driver/Src/stm32g4xx_hal_cortex.o
 .debug_aranges
                0x000006d8       0x90 ./Drivers/STM32G4xx_HAL_Driver/Src/stm32g4xx_hal_dma.o
 .debug_aranges
                0x00000768       0x58 ./Drivers/STM32G4xx_HAL_Driver/Src/stm32g4xx_hal_gpio.o
 .debug_aranges
                0x000007c0      0x140 ./Drivers/STM32G4xx_HAL_Driver/Src/stm32g4xx_hal_pwr_ex.o
 .debug_aranges
                0x00000900       0x98 ./Drivers/STM32G4xx_HAL_Driver/Src/stm32g4xx_hal_rcc.o
 .debug_aranges
                0x00000998       0xb0 ./Drivers/STM32G4xx_HAL_Driver/Src/stm32g4xx_hal_rcc_ex.o
 .debug_aranges
                0x00000a48      0x3e0 ./Drivers/STM32G4xx_HAL_Driver/Src/stm32g4xx_hal_tim.o
 .debug_aranges
                0x00000e28      0x240 ./Drivers/STM32G4xx_HAL_Driver/Src/stm32g4xx_hal_tim_ex.o
 .debug_aranges
                0x00001068      0x248 ./Drivers/STM32G4xx_HAL_Driver/Src/stm32g4xx_hal_uart.o
 .debug_aranges
                0x000012b0       0xa8 ./Drivers/STM32G4xx_HAL_Driver/Src/stm32g4xx_hal_uart_ex.o
 .debug_aranges
                0x00001358       0x20 ../Middlewares/Third_Party/ARM_CMSIS/CMSIS/DSP/Lib/GCC\libarm_cortexM4lf_math.a(arm_mat_trans_f32.o)
 .debug_aranges
                0x00001378       0x20 ../Middlewares/Third_Party/ARM_CMSIS/CMSIS/DSP/Lib/GCC\libarm_cortexM4lf_math.a(arm_mat_sub_f32.o)
 .debug_aranges
                0x00001398       0x20 ../Middlewares/Third_Party/ARM_CMSIS/CMSIS/DSP/Lib/GCC\libarm_cortexM4lf_math.a(arm_mat_mult_f32.o)
 .debug_aranges
                0x000013b8       0x20 ../Middlewares/Third_Party/ARM_CMSIS/CMSIS/DSP/Lib/GCC\libarm_cortexM4lf_math.a(arm_mat_inverse_f32.o)
 .debug_aranges
                0x000013d8       0x20 ../Middlewares/Third_Party/ARM_CMSIS/CMSIS/DSP/Lib/GCC\libarm_cortexM4lf_math.a(arm_mat_init_f32.o)
 .debug_aranges
                0x000013f8       0x20 ../Middlewares/Third_Party/ARM_CMSIS/CMSIS/DSP/Lib/GCC\libarm_cortexM4lf_math.a(arm_mat_add_f32.o)

.debug_rnglists
                0x00000000      0xef1
 .debug_rnglists
                0x00000000       0x1a ./Core/Src/KalmanFilter.o
 .debug_rnglists
                0x0000001a       0x5f ./Core/Src/KalmanFilterCAD.o
 .debug_rnglists
                0x00000079       0x38 ./Core/Src/KalmanFilterCD.o
 .debug_rnglists
                0x000000b1       0x58 ./Core/Src/KalmanFilterCVD.o
 .debug_rnglists
                0x00000109       0x4c ./Core/Src/KalmanFilterMSD.o
 .debug_rnglists
                0x00000155       0x2f ./Core/Src/SerialFrame.o
 .debug_rnglists
                0x00000184       0x2c ./Core/Src/Ultrasonic.o
 .debug_rnglists
                0x000001b0       0x13 ./Core/Src/dma.o
 .debug_rnglists
                0x000001c3       0x14 ./Core/Src/gpio.o
 .debug_rnglists
                0x000001d7       0x40 ./Core/Src/main.o
 .debug_rnglists
                0x00000217       0x13 ./Core/Src/stm32g4xx_hal_msp.o
 .debug_rnglists
                0x0000022a       0x6d ./Core/Src/stm32g4xx_it.o
 .debug_rnglists
                0x00000297       0x1a ./Core/Src/system_stm32g4xx.o
 .debug_rnglists
                0x000002b1       0x2f ./Core/Src/tim.o
 .debug_rnglists
                0x000002e0       0x21 ./Core/Src/usart.o
 .debug_rnglists
                0x00000301       0x19 ./Core/Startup/startup_stm32g474retx.o
 .debug_rnglists
                0x0000031a       0xf1 ./Drivers/STM32G4xx_HAL_Driver/Src/stm32g4xx_hal.o
 .debug_rnglists
                0x0000040b       0xda ./Drivers/STM32G4xx_HAL_Driver/Src/stm32g4xx_hal_cortex.o
 .debug_rnglists
                0x000004e5       0x72 ./Drivers/STM32G4xx_HAL_Driver/Src/stm32g4xx_hal_dma.o
 .debug_rnglists
                0x00000557       0x3f ./Drivers/STM32G4xx_HAL_Driver/Src/stm32g4xx_hal_gpio.o
 .debug_rnglists
                0x00000596       0xf1 ./Drivers/STM32G4xx_HAL_Driver/Src/stm32g4xx_hal_pwr_ex.o
 .debug_rnglists
                0x00000687       0x74 ./Drivers/STM32G4xx_HAL_Driver/Src/stm32g4xx_hal_rcc.o
 .debug_rnglists
                0x000006fb       0x87 ./Drivers/STM32G4xx_HAL_Driver/Src/stm32g4xx_hal_rcc_ex.o
 .debug_rnglists
                0x00000782      0x32d ./Drivers/STM32G4xx_HAL_Driver/Src/stm32g4xx_hal_tim.o
 .debug_rnglists
                0x00000aaf      0x1cc ./Drivers/STM32G4xx_HAL_Driver/Src/stm32g4xx_hal_tim_ex.o
 .debug_rnglists
                0x00000c7b      0x1f7 ./Drivers/STM32G4xx_HAL_Driver/Src/stm32g4xx_hal_uart.o
 .debug_rnglists
                0x00000e72       0x7f ./Drivers/STM32G4xx_HAL_Driver/Src/stm32g4xx_hal_uart_ex.o

.debug_macro    0x00000000    0x28669
 .debug_macro   0x00000000      0x337 ./Core/Src/KalmanFilter.o
 .debug_macro   0x00000337      0xad8 ./Core/Src/KalmanFilter.o
 .debug_macro   0x00000e0f      0x15b ./Core/Src/KalmanFilter.o
 .debug_macro   0x00000f6a       0x2e ./Core/Src/KalmanFilter.o
 .debug_macro   0x00000f98       0x28 ./Core/Src/KalmanFilter.o
 .debug_macro   0x00000fc0       0x22 ./Core/Src/KalmanFilter.o
 .debug_macro   0x00000fe2       0x8e ./Core/Src/KalmanFilter.o
 .debug_macro   0x00001070       0x51 ./Core/Src/KalmanFilter.o
 .debug_macro   0x000010c1      0x103 ./Core/Src/KalmanFilter.o
 .debug_macro   0x000011c4       0x6a ./Core/Src/KalmanFilter.o
 .debug_macro   0x0000122e      0x1df ./Core/Src/KalmanFilter.o
 .debug_macro   0x0000140d       0x1c ./Core/Src/KalmanFilter.o
 .debug_macro   0x00001429       0x22 ./Core/Src/KalmanFilter.o
 .debug_macro   0x0000144b       0xfb ./Core/Src/KalmanFilter.o
 .debug_macro   0x00001546     0x1011 ./Core/Src/KalmanFilter.o
 .debug_macro   0x00002557      0x11f ./Core/Src/KalmanFilter.o
 .debug_macro   0x00002676    0x18b8c ./Core/Src/KalmanFilter.o
 .debug_macro   0x0001b202       0x6d ./Core/Src/KalmanFilter.o
 .debug_macro   0x0001b26f     0x3558 ./Core/Src/KalmanFilter.o
 .debug_macro   0x0001e7c7      0x190 ./Core/Src/KalmanFilter.o
 .debug_macro   0x0001e957       0x5c ./Core/Src/KalmanFilter.o
 .debug_macro   0x0001e9b3     0x171f ./Core/Src/KalmanFilter.o
 .debug_macro   0x000200d2      0x600 ./Core/Src/KalmanFilter.o
 .debug_macro   0x000206d2      0x1b6 ./Core/Src/KalmanFilter.o
 .debug_macro   0x00020888      0x34a ./Core/Src/KalmanFilter.o
 .debug_macro   0x00020bd2      0x53c ./Core/Src/KalmanFilter.o
 .debug_macro   0x0002110e      0x18b ./Core/Src/KalmanFilter.o
 .debug_macro   0x00021299       0x43 ./Core/Src/KalmanFilter.o
 .debug_macro   0x000212dc      0x23d ./Core/Src/KalmanFilter.o
 .debug_macro   0x00021519      0x211 ./Core/Src/KalmanFilter.o
 .debug_macro   0x0002172a      0x45c ./Core/Src/KalmanFilter.o
 .debug_macro   0x00021b86      0x11c ./Core/Src/KalmanFilter.o
 .debug_macro   0x00021ca2      0x122 ./Core/Src/KalmanFilter.o
 .debug_macro   0x00021dc4      0x3d1 ./Core/Src/KalmanFilter.o
 .debug_macro   0x00022195      0xc0b ./Core/Src/KalmanFilter.o
 .debug_macro   0x00022da0      0x718 ./Core/Src/KalmanFilter.o
 .debug_macro   0x000234b8      0x693 ./Core/Src/KalmanFilter.o
 .debug_macro   0x00023b4b       0xa6 ./Core/Src/KalmanFilter.o
 .debug_macro   0x00023bf1      0x358 ./Core/Src/KalmanFilter.o
 .debug_macro   0x00023f49       0x8e ./Core/Src/KalmanFilter.o
 .debug_macro   0x00023fd7       0x61 ./Core/Src/KalmanFilter.o
 .debug_macro   0x00024038       0x2a ./Core/Src/KalmanFilter.o
 .debug_macro   0x00024062       0x43 ./Core/Src/KalmanFilter.o
 .debug_macro   0x000240a5       0x34 ./Core/Src/KalmanFilter.o
 .debug_macro   0x000240d9      0x370 ./Core/Src/KalmanFilter.o
 .debug_macro   0x00024449       0x16 ./Core/Src/KalmanFilter.o
 .debug_macro   0x0002445f       0x4a ./Core/Src/KalmanFilter.o
 .debug_macro   0x000244a9       0x34 ./Core/Src/KalmanFilter.o
 .debug_macro   0x000244dd       0x10 ./Core/Src/KalmanFilter.o
 .debug_macro   0x000244ed       0x58 ./Core/Src/KalmanFilter.o
 .debug_macro   0x00024545       0x8e ./Core/Src/KalmanFilter.o
 .debug_macro   0x000245d3       0x1c ./Core/Src/KalmanFilter.o
 .debug_macro   0x000245ef      0x185 ./Core/Src/KalmanFilter.o
 .debug_macro   0x00024774       0x10 ./Core/Src/KalmanFilter.o
 .debug_macro   0x00024784       0x3c ./Core/Src/KalmanFilter.o
 .debug_macro   0x000247c0       0x20 ./Core/Src/KalmanFilter.o
 .debug_macro   0x000247e0      0x19b ./Core/Src/KalmanFilter.o
 .debug_macro   0x0002497b      0x201 ./Core/Src/KalmanFilter.o
 .debug_macro   0x00024b7c       0x7c ./Core/Src/KalmanFilter.o
 .debug_macro   0x00024bf8       0x17 ./Core/Src/KalmanFilter.o
 .debug_macro   0x00024c0f      0x118 ./Core/Src/KalmanFilter.o
 .debug_macro   0x00024d27      0x169 ./Core/Src/KalmanFilter.o
 .debug_macro   0x00024e90       0x16 ./Core/Src/KalmanFilter.o
 .debug_macro   0x00024ea6      0x335 ./Core/Src/KalmanFilterCAD.o
 .debug_macro   0x000251db      0x335 ./Core/Src/KalmanFilterCD.o
 .debug_macro   0x00025510      0x335 ./Core/Src/KalmanFilterCVD.o
 .debug_macro   0x00025845      0x335 ./Core/Src/KalmanFilterMSD.o
 .debug_macro   0x00025b7a      0x2ba ./Core/Src/SerialFrame.o
 .debug_macro   0x00025e34       0x10 ./Core/Src/SerialFrame.o
 .debug_macro   0x00025e44      0x1ed ./Core/Src/Ultrasonic.o
 .debug_macro   0x00026031      0x1e7 ./Core/Src/dma.o
 .debug_macro   0x00026218      0x1e7 ./Core/Src/gpio.o
 .debug_macro   0x000263ff      0x3a6 ./Core/Src/main.o
 .debug_macro   0x000267a5       0x10 ./Core/Src/main.o
 .debug_macro   0x000267b5       0x16 ./Core/Src/main.o
 .debug_macro   0x000267cb       0x34 ./Core/Src/main.o
 .debug_macro   0x000267ff      0x1dd ./Core/Src/stm32g4xx_hal_msp.o
 .debug_macro   0x000269dc      0x1e7 ./Core/Src/stm32g4xx_it.o
 .debug_macro   0x00026bc3      0x1ce ./Core/Src/system_stm32g4xx.o
 .debug_macro   0x00026d91      0x1e7 ./Core/Src/tim.o
 .debug_macro   0x00026f78      0x1e7 ./Core/Src/usart.o
 .debug_macro   0x0002715f      0x21c ./Drivers/STM32G4xx_HAL_Driver/Src/stm32g4xx_hal.o
 .debug_macro   0x0002737b      0x1ce ./Drivers/STM32G4xx_HAL_Driver/Src/stm32g4xx_hal_cortex.o
 .debug_macro   0x00027549      0x1ce ./Drivers/STM32G4xx_HAL_Driver/Src/stm32g4xx_hal_dma.o
 .debug_macro   0x00027717      0x1d5 ./Drivers/STM32G4xx_HAL_Driver/Src/stm32g4xx_hal_gpio.o
 .debug_macro   0x000278ec      0x1f8 ./Drivers/STM32G4xx_HAL_Driver/Src/stm32g4xx_hal_pwr_ex.o
 .debug_macro   0x00027ae4      0x210 ./Drivers/STM32G4xx_HAL_Driver/Src/stm32g4xx_hal_rcc.o
 .debug_macro   0x00027cf4      0x1f8 ./Drivers/STM32G4xx_HAL_Driver/Src/stm32g4xx_hal_rcc_ex.o
 .debug_macro   0x00027eec      0x1d6 ./Drivers/STM32G4xx_HAL_Driver/Src/stm32g4xx_hal_tim.o
 .debug_macro   0x000280c2      0x1d4 ./Drivers/STM32G4xx_HAL_Driver/Src/stm32g4xx_hal_tim_ex.o
 .debug_macro   0x00028296      0x1f9 ./Drivers/STM32G4xx_HAL_Driver/Src/stm32g4xx_hal_uart.o
 .debug_macro   0x0002848f      0x1da ./Drivers/STM32G4xx_HAL_Driver/Src/stm32g4xx_hal_uart_ex.o

.debug_line     0x00000000    0x1ab66
 .debug_line    0x00000000      0xab9 ./Core/Src/KalmanFilter.o
 .debug_line    0x00000ab9      0xbdf ./Core/Src/KalmanFilterCAD.o
 .debug_line    0x00001698      0xa71 ./Core/Src/KalmanFilterCD.o
 .debug_line    0x00002109      0xb74 ./Core/Src/KalmanFilterCVD.o
 .debug_line    0x00002c7d      0xb38 ./Core/Src/KalmanFilterMSD.o
 .debug_line    0x000037b5      0xa81 ./Core/Src/SerialFrame.o
 .debug_line    0x00004236      0x85e ./Core/Src/Ultrasonic.o
 .debug_line    0x00004a94      0x760 ./Core/Src/dma.o
 .debug_line    0x000051f4      0x78b ./Core/Src/gpio.o
 .debug_line    0x0000597f      0xce3 ./Core/Src/main.o
 .debug_line    0x00006662      0x762 ./Core/Src/stm32g4xx_hal_msp.o
 .debug_line    0x00006dc4      0x8b8 ./Core/Src/stm32g4xx_it.o
 .debug_line    0x0000767c      0x7ce ./Core/Src/system_stm32g4xx.o
 .debug_line    0x00007e4a      0x916 ./Core/Src/tim.o
 .debug_line    0x00008760      0x869 ./Core/Src/usart.o
 .debug_line    0x00008fc9       0x7b ./Core/Startup/startup_stm32g474retx.o
 .debug_line    0x00009044      0xb9a ./Drivers/STM32G4xx_HAL_Driver/Src/stm32g4xx_hal.o
 .debug_line    0x00009bde      0xcff ./Drivers/STM32G4xx_HAL_Driver/Src/stm32g4xx_hal_cortex.o
 .debug_line    0x0000a8dd      0xeaf ./Drivers/STM32G4xx_HAL_Driver/Src/stm32g4xx_hal_dma.o
 .debug_line    0x0000b78c      0xb86 ./Drivers/STM32G4xx_HAL_Driver/Src/stm32g4xx_hal_gpio.o
 .debug_line    0x0000c312      0xcf9 ./Drivers/STM32G4xx_HAL_Driver/Src/stm32g4xx_hal_pwr_ex.o
 .debug_line    0x0000d00b     0x101d ./Drivers/STM32G4xx_HAL_Driver/Src/stm32g4xx_hal_rcc.o
 .debug_line    0x0000e028     0x1293 ./Drivers/STM32G4xx_HAL_Driver/Src/stm32g4xx_hal_rcc_ex.o
 .debug_line    0x0000f2bb     0x40e7 ./Drivers/STM32G4xx_HAL_Driver/Src/stm32g4xx_hal_tim.o
 .debug_line    0x000133a2     0x20a1 ./Drivers/STM32G4xx_HAL_Driver/Src/stm32g4xx_hal_tim_ex.o
 .debug_line    0x00015443     0x35fc ./Drivers/STM32G4xx_HAL_Driver/Src/stm32g4xx_hal_uart.o
 .debug_line    0x00018a3f      0xccf ./Drivers/STM32G4xx_HAL_Driver/Src/stm32g4xx_hal_uart_ex.o
 .debug_line    0x0001970e      0x374 ../Middlewares/Third_Party/ARM_CMSIS/CMSIS/DSP/Lib/GCC\libarm_cortexM4lf_math.a(arm_mat_trans_f32.o)
 .debug_line    0x00019a82      0x2d3 ../Middlewares/Third_Party/ARM_CMSIS/CMSIS/DSP/Lib/GCC\libarm_cortexM4lf_math.a(arm_mat_sub_f32.o)
 .debug_line    0x00019d55      0x41f ../Middlewares/Third_Party/ARM_CMSIS/CMSIS/DSP/Lib/GCC\libarm_cortexM4lf_math.a(arm_mat_mult_f32.o)
 .debug_line    0x0001a174      0x512 ../Middlewares/Third_Party/ARM_CMSIS/CMSIS/DSP/Lib/GCC\libarm_cortexM4lf_math.a(arm_mat_inverse_f32.o)
 .debug_line    0x0001a686      0x20d ../Middlewares/Third_Party/ARM_CMSIS/CMSIS/DSP/Lib/GCC\libarm_cortexM4lf_math.a(arm_mat_init_f32.o)
 .debug_line    0x0001a893      0x2d3 ../Middlewares/Third_Party/ARM_CMSIS/CMSIS/DSP/Lib/GCC\libarm_cortexM4lf_math.a(arm_mat_add_f32.o)

.debug_str      0x00000000    0xfe3b6
 .debug_str     0x00000000    0xfe3b6 ./Core/Src/KalmanFilter.o
                              0xf7d9e (size before relaxing)
 .debug_str     0x000fe3b6    0xf7da6 ./Core/Src/KalmanFilterCAD.o
 .debug_str     0x000fe3b6    0xf7cc5 ./Core/Src/KalmanFilterCD.o
 .debug_str     0x000fe3b6    0xf7d6d ./Core/Src/KalmanFilterCVD.o
 .debug_str     0x000fe3b6    0xf7d4e ./Core/Src/KalmanFilterMSD.o
 .debug_str     0x000fe3b6    0xf66fb ./Core/Src/SerialFrame.o
 .debug_str     0x000fe3b6    0xf35e6 ./Core/Src/Ultrasonic.o
 .debug_str     0x000fe3b6    0xf353a ./Core/Src/dma.o
 .debug_str     0x000fe3b6    0xf3608 ./Core/Src/gpio.o
 .debug_str     0x000fe3b6    0xf8ff1 ./Core/Src/main.o
 .debug_str     0x000fe3b6    0xf2f04 ./Core/Src/stm32g4xx_hal_msp.o
 .debug_str     0x000fe3b6    0xf37e5 ./Core/Src/stm32g4xx_it.o
 .debug_str     0x000fe3b6    0xf2d53 ./Core/Src/system_stm32g4xx.o
 .debug_str     0x000fe3b6    0xf3e2e ./Core/Src/tim.o
 .debug_str     0x000fe3b6    0xf3e4a ./Core/Src/usart.o
 .debug_str     0x000fe3b6       0x8d ./Core/Startup/startup_stm32g474retx.o
 .debug_str     0x000fe3b6    0xf3a65 ./Drivers/STM32G4xx_HAL_Driver/Src/stm32g4xx_hal.o
 .debug_str     0x000fe3b6    0xf3721 ./Drivers/STM32G4xx_HAL_Driver/Src/stm32g4xx_hal_cortex.o
 .debug_str     0x000fe3b6    0xf312d ./Drivers/STM32G4xx_HAL_Driver/Src/stm32g4xx_hal_dma.o
 .debug_str     0x000fe3b6    0xf2ede ./Drivers/STM32G4xx_HAL_Driver/Src/stm32g4xx_hal_gpio.o
 .debug_str     0x000fe3b6    0xf3241 ./Drivers/STM32G4xx_HAL_Driver/Src/stm32g4xx_hal_pwr_ex.o
 .debug_str     0x000fe3b6    0xf3472 ./Drivers/STM32G4xx_HAL_Driver/Src/stm32g4xx_hal_rcc.o
 .debug_str     0x000fe3b6    0xf349c ./Drivers/STM32G4xx_HAL_Driver/Src/stm32g4xx_hal_rcc_ex.o
 .debug_str     0x000fe3b6    0xf4251 ./Drivers/STM32G4xx_HAL_Driver/Src/stm32g4xx_hal_tim.o
 .debug_str     0x000fe3b6    0xf3ec5 ./Drivers/STM32G4xx_HAL_Driver/Src/stm32g4xx_hal_tim_ex.o
 .debug_str     0x000fe3b6    0xf3d0e ./Drivers/STM32G4xx_HAL_Driver/Src/stm32g4xx_hal_uart.o
 .debug_str     0x000fe3b6    0xf350c ./Drivers/STM32G4xx_HAL_Driver/Src/stm32g4xx_hal_uart_ex.o
 .debug_str     0x000fe3b6      0x757 ../Middlewares/Third_Party/ARM_CMSIS/CMSIS/DSP/Lib/GCC\libarm_cortexM4lf_math.a(arm_mat_trans_f32.o)
 .debug_str     0x000fe3b6      0x76a ../Middlewares/Third_Party/ARM_CMSIS/CMSIS/DSP/Lib/GCC\libarm_cortexM4lf_math.a(arm_mat_sub_f32.o)
 .debug_str     0x000fe3b6      0x786 ../Middlewares/Third_Party/ARM_CMSIS/CMSIS/DSP/Lib/GCC\libarm_cortexM4lf_math.a(arm_mat_mult_f32.o)
 .debug_str     0x000fe3b6      0x7c5 ../Middlewares/Third_Party/ARM_CMSIS/CMSIS/DSP/Lib/GCC\libarm_cortexM4lf_math.a(arm_mat_inverse_f32.o)
 .debug_str     0x000fe3b6      0x695 ../Middlewares/Third_Party/ARM_CMSIS/CMSIS/DSP/Lib/GCC\libarm_cortexM4lf_math.a(arm_mat_init_f32.o)
 .debug_str     0x000fe3b6      0x76a ../Middlewares/Third_Party/ARM_CMSIS/CMSIS/DSP/Lib/GCC\libarm_cortexM4lf_math.a(arm_mat_add_f32.o)

.comment        0x00000000       0xbc
 .comment       0x00000000       0xbc ./Core/Src/KalmanFilter.o
                                 0x44 (size before relaxing)
 .comment       0x000000bc       0x44 ./Core/Src/KalmanFilterCAD.o
 .comment       0x000000bc       0x44 ./Core/Src/KalmanFilterCD.o
 .comment       0x000000bc       0x44 ./Core/Src/KalmanFilterCVD.o
 .comment       0x000000bc       0x44 ./Core/Src/KalmanFilterMSD.o
 .comment       0x000000bc       0x44 ./Core/Src/SerialFrame.o
 .comment       0x000000bc       0x44 ./Core/Src/Ultrasonic.o
 .comment       0x000000bc       0x44 ./Core/Src/dma.o
 .comment       0x000000bc       0x44 ./Core/Src/gpio.o
 .comment       0x000000bc       0x44 ./Core/Src/main.o
 .comment       0x000000bc       0x44 ./Core/Src/stm32g4xx_hal_msp.o
 .comment       0x000000bc       0x44 ./Core/Src/stm32g4xx_it.o
 .comment       0x000000bc       0x44 ./Core/Src/system_stm32g4xx.o
 .comment       0x000000bc       0x44 ./Core/Src/tim.o
 .comment       0x000000bc       0x44 ./Core/Src/usart.o
 .comment       0x000000bc       0x44 ./Drivers/STM32G4xx_HAL_Driver/Src/stm32g4xx_hal.o
 .comment       0x000000bc       0x44 ./Drivers/STM32G4xx_HAL_Driver/Src/stm32g4xx_hal_cortex.o
 .comment       0x000000bc       0x44 ./Drivers/STM32G4xx_HAL_Driver/Src/stm32g4xx_hal_dma.o
 .comment       0x000000bc       0x44 ./Drivers/STM32G4xx_HAL_Driver/Src/stm32g4xx_hal_gpio.o
 .comment       0x000000bc       0x44 ./Drivers/STM32G4xx_HAL_Driver/Src/stm32g4xx_hal_pwr_ex.o
 .comment       0x000000bc       0x44 ./Drivers/STM32G4xx_HAL_Driver/Src/stm32g4xx_hal_rcc.o
 .comment       0x000000bc       0x44 ./Drivers/STM32G4xx_HAL_Driver/Src/stm32g4xx_hal_rcc_ex.o
 .comment       0x000000bc       0x44 ./Drivers/STM32G4xx_HAL_Driver/Src/stm32g4xx_hal_tim.o
 .comment       0x000000bc       0x44 ./Drivers/STM32G4xx_HAL_Driver/Src/stm32g4xx_hal_tim_ex.o
 .comment       0x000000bc       0x44 ./Drivers/STM32G4xx_HAL_Driver/Src/stm32g4xx_hal_uart.o
 .comment       0x000000bc       0x44 ./Drivers/STM32G4xx_HAL_Driver/Src/stm32g4xx_hal_uart_ex.o
 .comment       0x000000bc       0x7a ../Middlewares/Third_Party/ARM_CMSIS/CMSIS/DSP/Lib/GCC\libarm_cortexM4lf_math.a(arm_mat_trans_f32.o)
 .comment       0x000000bc       0x7a ../Middlewares/Third_Party/ARM_CMSIS/CMSIS/DSP/Lib/GCC\libarm_cortexM4lf_math.a(arm_mat_sub_f32.o)
 .comment       0x000000bc       0x7a ../Middlewares/Third_Party/ARM_CMSIS/CMSIS/DSP/Lib/GCC\libarm_cortexM4lf_math.a(arm_mat_mult_f32.o)
 .comment       0x000000bc       0x7a ../Middlewares/Third_Party/ARM_CMSIS/CMSIS/DSP/Lib/GCC\libarm_cortexM4lf_math.a(arm_mat_inverse_f32.o)
 .comment       0x000000bc       0x7a ../Middlewares/Third_Party/ARM_CMSIS/CMSIS/DSP/Lib/GCC\libarm_cortexM4lf_math.a(arm_mat_init_f32.o)
 .comment       0x000000bc       0x7a ../Middlewares/Third_Party/ARM_CMSIS/CMSIS/DSP/Lib/GCC\libarm_cortexM4lf_math.a(arm_mat_add_f32.o)

.debug_frame    0x00000000     0x511c
 .debug_frame   0x00000000       0x60 ./Core/Src/KalmanFilter.o
 .debug_frame   0x00000060      0x1fc ./Core/Src/KalmanFilterCAD.o
 .debug_frame   0x0000025c      0x11c ./Core/Src/KalmanFilterCD.o
 .debug_frame   0x00000378      0x1d4 ./Core/Src/KalmanFilterCVD.o
 .debug_frame   0x0000054c      0x188 ./Core/Src/KalmanFilterMSD.o
 .debug_frame   0x000006d4       0xcc ./Core/Src/SerialFrame.o
 .debug_frame   0x000007a0       0xcc ./Core/Src/Ultrasonic.o
 .debug_frame   0x0000086c       0x34 ./Core/Src/dma.o
 .debug_frame   0x000008a0       0x34 ./Core/Src/gpio.o
 .debug_frame   0x000008d4      0x11c ./Core/Src/main.o
 .debug_frame   0x000009f0       0x34 ./Core/Src/stm32g4xx_hal_msp.o
 .debug_frame   0x00000a24      0x1c8 ./Core/Src/stm32g4xx_it.o
 .debug_frame   0x00000bec       0x58 ./Core/Src/system_stm32g4xx.o
 .debug_frame   0x00000c44       0xc4 ./Core/Src/tim.o
 .debug_frame   0x00000d08       0x78 ./Core/Src/usart.o
 .debug_frame   0x00000d80      0x500 ./Drivers/STM32G4xx_HAL_Driver/Src/stm32g4xx_hal.o
 .debug_frame   0x00001280      0x4e8 ./Drivers/STM32G4xx_HAL_Driver/Src/stm32g4xx_hal_cortex.o
 .debug_frame   0x00001768      0x24c ./Drivers/STM32G4xx_HAL_Driver/Src/stm32g4xx_hal_dma.o
 .debug_frame   0x000019b4      0x14c ./Drivers/STM32G4xx_HAL_Driver/Src/stm32g4xx_hal_gpio.o
 .debug_frame   0x00001b00      0x4fc ./Drivers/STM32G4xx_HAL_Driver/Src/stm32g4xx_hal_pwr_ex.o
 .debug_frame   0x00001ffc      0x23c ./Drivers/STM32G4xx_HAL_Driver/Src/stm32g4xx_hal_rcc.o
 .debug_frame   0x00002238      0x2ac ./Drivers/STM32G4xx_HAL_Driver/Src/stm32g4xx_hal_rcc_ex.o
 .debug_frame   0x000024e4     0x1220 ./Drivers/STM32G4xx_HAL_Driver/Src/stm32g4xx_hal_tim.o
 .debug_frame   0x00003704      0xa70 ./Drivers/STM32G4xx_HAL_Driver/Src/stm32g4xx_hal_tim_ex.o
 .debug_frame   0x00004174      0xa94 ./Drivers/STM32G4xx_HAL_Driver/Src/stm32g4xx_hal_uart.o
 .debug_frame   0x00004c08      0x2c0 ./Drivers/STM32G4xx_HAL_Driver/Src/stm32g4xx_hal_uart_ex.o
 .debug_frame   0x00004ec8       0x40 ../Middlewares/Third_Party/ARM_CMSIS/CMSIS/DSP/Lib/GCC\libarm_cortexM4lf_math.a(arm_mat_trans_f32.o)
 .debug_frame   0x00004f08       0x38 ../Middlewares/Third_Party/ARM_CMSIS/CMSIS/DSP/Lib/GCC\libarm_cortexM4lf_math.a(arm_mat_sub_f32.o)
 .debug_frame   0x00004f40       0x44 ../Middlewares/Third_Party/ARM_CMSIS/CMSIS/DSP/Lib/GCC\libarm_cortexM4lf_math.a(arm_mat_mult_f32.o)
 .debug_frame   0x00004f84       0x6c ../Middlewares/Third_Party/ARM_CMSIS/CMSIS/DSP/Lib/GCC\libarm_cortexM4lf_math.a(arm_mat_inverse_f32.o)
 .debug_frame   0x00004ff0       0x20 ../Middlewares/Third_Party/ARM_CMSIS/CMSIS/DSP/Lib/GCC\libarm_cortexM4lf_math.a(arm_mat_init_f32.o)
 .debug_frame   0x00005010       0x38 ../Middlewares/Third_Party/ARM_CMSIS/CMSIS/DSP/Lib/GCC\libarm_cortexM4lf_math.a(arm_mat_add_f32.o)
 .debug_frame   0x00005048       0x20 C:/ST/STM32CubeIDE_1.19.0/STM32CubeIDE/plugins/com.st.stm32cube.ide.mcu.externaltools.gnu-tools-for-stm32.13.3.rel1.win32_1.0.0.202411081344/tools/bin/../lib/gcc/arm-none-eabi/13.3.1/../../../../arm-none-eabi/lib/thumb/v7e-m+fp/hard\libc_nano.a(libc_a-memset.o)
 .debug_frame   0x00005068       0x2c C:/ST/STM32CubeIDE_1.19.0/STM32CubeIDE/plugins/com.st.stm32cube.ide.mcu.externaltools.gnu-tools-for-stm32.13.3.rel1.win32_1.0.0.202411081344/tools/bin/../lib/gcc/arm-none-eabi/13.3.1/../../../../arm-none-eabi/lib/thumb/v7e-m+fp/hard\libc_nano.a(libc_a-init.o)
 .debug_frame   0x00005094       0x28 C:/ST/STM32CubeIDE_1.19.0/STM32CubeIDE/plugins/com.st.stm32cube.ide.mcu.externaltools.gnu-tools-for-stm32.13.3.rel1.win32_1.0.0.202411081344/tools/bin/../lib/gcc/arm-none-eabi/13.3.1/../../../../arm-none-eabi/lib/thumb/v7e-m+fp/hard\libc_nano.a(libc_a-memcpy-stub.o)
 .debug_frame   0x000050bc       0x2c C:/ST/STM32CubeIDE_1.19.0/STM32CubeIDE/plugins/com.st.stm32cube.ide.mcu.externaltools.gnu-tools-for-stm32.13.3.rel1.win32_1.0.0.202411081344/tools/bin/../lib/gcc/arm-none-eabi/13.3.1/thumb/v7e-m+fp/hard\libgcc.a(_aeabi_uldivmod.o)
 .debug_frame   0x000050e8       0x34 C:/ST/STM32CubeIDE_1.19.0/STM32CubeIDE/plugins/com.st.stm32cube.ide.mcu.externaltools.gnu-tools-for-stm32.13.3.rel1.win32_1.0.0.202411081344/tools/bin/../lib/gcc/arm-none-eabi/13.3.1/thumb/v7e-m+fp/hard\libgcc.a(_udivmoddi4.o)

.debug_line_str
                0x00000000       0x71
 .debug_line_str
                0x00000000       0x71 ./Core/Startup/startup_stm32g474retx.o

.debug_loc      0x00000000     0x1e7a
 .debug_loc     0x00000000      0x532 ../Middlewares/Third_Party/ARM_CMSIS/CMSIS/DSP/Lib/GCC\libarm_cortexM4lf_math.a(arm_mat_trans_f32.o)
 .debug_loc     0x00000532      0x2f4 ../Middlewares/Third_Party/ARM_CMSIS/CMSIS/DSP/Lib/GCC\libarm_cortexM4lf_math.a(arm_mat_sub_f32.o)
 .debug_loc     0x00000826      0x959 ../Middlewares/Third_Party/ARM_CMSIS/CMSIS/DSP/Lib/GCC\libarm_cortexM4lf_math.a(arm_mat_mult_f32.o)
 .debug_loc     0x0000117f      0xa07 ../Middlewares/Third_Party/ARM_CMSIS/CMSIS/DSP/Lib/GCC\libarm_cortexM4lf_math.a(arm_mat_inverse_f32.o)